Component: ARM Compiler 5.06 update 6 (build 750) Tool: armlink [4d35ed]

==============================================================================

Section Cross References

    startup_stm32g431xx.o(STACK) refers (Special) to heapauxi.o(.text) for __use_two_region_memory
    startup_stm32g431xx.o(HEAP) refers (Special) to heapauxi.o(.text) for __use_two_region_memory
    startup_stm32g431xx.o(RESET) refers (Special) to heapauxi.o(.text) for __use_two_region_memory
    startup_stm32g431xx.o(RESET) refers to startup_stm32g431xx.o(STACK) for __initial_sp
    startup_stm32g431xx.o(RESET) refers to startup_stm32g431xx.o(.text) for Reset_Handler
    startup_stm32g431xx.o(RESET) refers to stm32g4xx_it.o(i.NMI_Handler) for NMI_Handler
    startup_stm32g431xx.o(RESET) refers to stm32g4xx_it.o(i.HardFault_Handler) for HardFault_Handler
    startup_stm32g431xx.o(RESET) refers to stm32g4xx_it.o(i.MemManage_Handler) for MemManage_Handler
    startup_stm32g431xx.o(RESET) refers to stm32g4xx_it.o(i.BusFault_Handler) for BusFault_Handler
    startup_stm32g431xx.o(RESET) refers to stm32g4xx_it.o(i.UsageFault_Handler) for UsageFault_Handler
    startup_stm32g431xx.o(RESET) refers to stm32g4xx_it.o(i.SVC_Handler) for SVC_Handler
    startup_stm32g431xx.o(RESET) refers to stm32g4xx_it.o(i.DebugMon_Handler) for DebugMon_Handler
    startup_stm32g431xx.o(RESET) refers to stm32g4xx_it.o(i.PendSV_Handler) for PendSV_Handler
    startup_stm32g431xx.o(RESET) refers to stm32g4xx_it.o(i.SysTick_Handler) for SysTick_Handler
    startup_stm32g431xx.o(RESET) refers to stm32g4xx_it.o(i.DMA1_Channel1_IRQHandler) for DMA1_Channel1_IRQHandler
    startup_stm32g431xx.o(RESET) refers to stm32g4xx_it.o(i.DMA1_Channel2_IRQHandler) for DMA1_Channel2_IRQHandler
    startup_stm32g431xx.o(RESET) refers to stm32g4xx_it.o(i.TIM1_TRG_COM_TIM17_IRQHandler) for TIM1_TRG_COM_TIM17_IRQHandler
    startup_stm32g431xx.o(RESET) refers to stm32g4xx_it.o(i.TIM2_IRQHandler) for TIM2_IRQHandler
    startup_stm32g431xx.o(RESET) refers to stm32g4xx_it.o(i.TIM3_IRQHandler) for TIM3_IRQHandler
    startup_stm32g431xx.o(RESET) refers to stm32g4xx_it.o(i.USART1_IRQHandler) for USART1_IRQHandler
    startup_stm32g431xx.o(RESET) refers to stm32g4xx_it.o(i.TIM7_IRQHandler) for TIM7_IRQHandler
    startup_stm32g431xx.o(.text) refers (Special) to heapauxi.o(.text) for __use_two_region_memory
    startup_stm32g431xx.o(.text) refers to system_stm32g4xx.o(i.SystemInit) for SystemInit
    startup_stm32g431xx.o(.text) refers to __main.o(!!!main) for __main
    startup_stm32g431xx.o(.text) refers to startup_stm32g431xx.o(HEAP) for Heap_Mem
    startup_stm32g431xx.o(.text) refers to startup_stm32g431xx.o(STACK) for Stack_Mem
    main.o(i.SystemClock_Config) refers to rt_memclr_w.o(.text) for __aeabi_memclr4
    main.o(i.SystemClock_Config) refers to stm32g4xx_hal_pwr_ex.o(i.HAL_PWREx_ControlVoltageScaling) for HAL_PWREx_ControlVoltageScaling
    main.o(i.SystemClock_Config) refers to stm32g4xx_hal_rcc.o(i.HAL_RCC_OscConfig) for HAL_RCC_OscConfig
    main.o(i.SystemClock_Config) refers to stm32g4xx_hal_rcc.o(i.HAL_RCC_ClockConfig) for HAL_RCC_ClockConfig
    main.o(i.main) refers to stm32g4xx_hal.o(i.HAL_Init) for HAL_Init
    main.o(i.main) refers to main.o(i.SystemClock_Config) for SystemClock_Config
    main.o(i.main) refers to stm32g4xx_hal.o(i.HAL_Delay) for HAL_Delay
    main.o(i.main) refers to gpio.o(i.MX_GPIO_Init) for MX_GPIO_Init
    main.o(i.main) refers to dma.o(i.MX_DMA_Init) for MX_DMA_Init
    main.o(i.main) refers to tim.o(i.MX_TIM2_Init) for MX_TIM2_Init
    main.o(i.main) refers to tim.o(i.MX_TIM7_Init) for MX_TIM7_Init
    main.o(i.main) refers to tim.o(i.MX_TIM17_Init) for MX_TIM17_Init
    main.o(i.main) refers to tim.o(i.MX_TIM3_Init) for MX_TIM3_Init
    main.o(i.main) refers to adc.o(i.MX_ADC2_Init) for MX_ADC2_Init
    main.o(i.main) refers to rtc.o(i.MX_RTC_Init) for MX_RTC_Init
    main.o(i.main) refers to usart.o(i.MX_USART1_UART_Init) for MX_USART1_UART_Init
    main.o(i.main) refers to lcd.o(i.LCD_Init) for LCD_Init
    main.o(i.main) refers to lcd.o(i.LCD_Clear) for LCD_Clear
    main.o(i.main) refers to lcd.o(i.LCD_SetBackColor) for LCD_SetBackColor
    main.o(i.main) refers to lcd.o(i.LCD_SetTextColor) for LCD_SetTextColor
    main.o(i.main) refers to led.o(i.Led_Init) for Led_Init
    main.o(i.main) refers to fun.o(i.My_RTC_SetTime) for My_RTC_SetTime
    main.o(i.main) refers to stm32g4xx_hal_tim.o(i.HAL_TIM_IC_Start_IT) for HAL_TIM_IC_Start_IT
    main.o(i.main) refers to stm32g4xx_hal_tim.o(i.HAL_TIM_PWM_Start_IT) for HAL_TIM_PWM_Start_IT
    main.o(i.main) refers to fun.o(i.LCD_Proc) for LCD_Proc
    main.o(i.main) refers to fun.o(i.Key_Proc) for Key_Proc
    main.o(i.main) refers to fun.o(i.LED_Proc) for LED_Proc
    main.o(i.main) refers to tim.o(.bss) for htim3
    gpio.o(i.MX_GPIO_Init) refers to rt_memclr_w.o(.text) for __aeabi_memclr4
[...]
    _getenv_init                              - Undefined Weak Reference
    _handle_redirection                       - Undefined Weak Reference
    _init_alloc                               - Undefined Weak Reference
    _init_user_alloc                          - Undefined Weak Reference
    _initio                                   - Undefined Weak Reference
    _printf_mbtowc                            - Undefined Weak Reference
    _printf_wc                                - Undefined Weak Reference
    _rand_init                                - Undefined Weak Reference
    _signal_finish                            - Undefined Weak Reference
    _signal_init                              - Undefined Weak Reference
    _terminate_alloc                          - Undefined Weak Reference
    _terminate_user_alloc                     - Undefined Weak Reference
    _terminateio                              - Undefined Weak Reference
    __Vectors_Size                           0x000001d8   Number         0  startup_stm32g431xx.o ABSOLUTE
    __Vectors                                0x08000000   Data           4  startup_stm32g431xx.o(RESET)
    __Vectors_End                            0x080001d8   Data           0  startup_stm32g431xx.o(RESET)
    __main                                   0x080001d9   Thumb Code     8  __main.o(!!!main)
    __scatterload                            0x080001e1   Thumb Code     0  __scatter.o(!!!scatter)
    __scatterload_rt2                        0x080001e1   Thumb Code    44  __scatter.o(!!!scatter)
    __scatterload_rt2_thumb_only             0x080001e1   Thumb Code     0  __scatter.o(!!!scatter)
    __scatterload_null                       0x080001ef   Thumb Code     0  __scatter.o(!!!scatter)
    __scatterload_copy                       0x08000215   Thumb Code    26  __scatter_copy.o(!!handler_copy)
    __scatterload_zeroinit                   0x08000231   Thumb Code    28  __scatter_zi.o(!!handler_zi)
    _printf_n                                0x0800024d   Thumb Code     0  _printf_n.o(.ARM.Collect$$_printf_percent$$00000001)
    _printf_percent                          0x0800024d   Thumb Code     0  _printf_percent.o(.ARM.Collect$$_printf_percent$$00000000)
    _printf_p                                0x08000253   Thumb Code     0  _printf_p.o(.ARM.Collect$$_printf_percent$$00000002)
    _printf_f                                0x08000259   Thumb Code     0  _printf_f.o(.ARM.Collect$$_printf_percent$$00000003)
    _printf_e                                0x0800025f   Thumb Code     0  _printf_e.o(.ARM.Collect$$_printf_percent$$00000004)
    _printf_g                                0x08000265   Thumb Code     0  _printf_g.o(.ARM.Collect$$_printf_percent$$00000005)
    _printf_a                                0x0800026b   Thumb Code     0  _printf_a.o(.ARM.Collect$$_printf_percent$$00000006)
    _printf_ll                               0x08000271   Thumb Code     0  _printf_ll.o(.ARM.Collect$$_printf_percent$$00000007)
    _printf_i                                0x0800027b   Thumb Code     0  _printf_i.o(.ARM.Collect$$_printf_percent$$00000008)
    _printf_d                                0x08000281   Thumb Code     0  _printf_d.o(.ARM.Collect$$_printf_percent$$00000009)
    _printf_u                                0x08000287   Thumb Code     0  _printf_u.o(.ARM.Collect$$_printf_percent$$0000000A)
    _printf_o                                0x0800028d   Thumb Code     0  _printf_o.o(.ARM.Collect$$_printf_percent$$0000000B)
    _printf_x                                0x08000293   Thumb Code     0  _printf_x.o(.ARM.Collect$$_printf_percent$$0000000C)
    _printf_lli                              0x08000299   Thumb Code     0  _printf_lli.o(.ARM.Collect$$_printf_percent$$0000000D)
    _printf_lld                              0x0800029f   Thumb Code     0  _printf_lld.o(.ARM.Collect$$_printf_percent$$0000000E)
    _printf_llu                              0x080002a5   Thumb Code     0  _printf_llu.o(.ARM.Collect$$_printf_percent$$0000000F)
    _printf_llo                              0x080002ab   Thumb Code     0  _printf_llo.o(.ARM.Collect$$_printf_percent$$00000010)
    _printf_llx                              0x080002b1   Thumb Code     0  _printf_llx.o(.ARM.Collect$$_printf_percent$$00000011)
    _printf_l                                0x080002b7   Thumb Code     0  _printf_l.o(.ARM.Collect$$_printf_percent$$00000012)
    _printf_c                                0x080002c1   Thumb Code     0  _printf_c.o(.ARM.Collect$$_printf_percent$$00000013)
    _printf_s                                0x080002c7   Thumb Code     0  _printf_s.o(.ARM.Collect$$_printf_percent$$00000014)
    _printf_lc                               0x080002cd   Thumb Code     0  _printf_lc.o(.ARM.Collect$$_printf_percent$$00000015)
    _printf_ls                               0x080002d3   Thumb Code     0  _printf_ls.o(.ARM.Collect$$_printf_percent$$00000016)
    _printf_percent_end                      0x080002d9   Thumb Code     0  _printf_percent_end.o(.ARM.Collect$$_printf_percent$$00000017)
    __rt_lib_init                            0x080002dd   Thumb Code     0  libinit.o(.ARM.Collect$$libinit$$00000000)
    __rt_lib_init_fp_1                       0x080002df   Thumb Code     0  libinit2.o(.ARM.Collect$$libinit$$00000001)
    __rt_lib_init_heap_1                     0x080002e3   Thumb Code     0  libinit2.o(.ARM.Collect$$libinit$$0000000A)
    __rt_lib_init_lc_common                  0x080002e3   Thumb Code     0  libinit2.o(.ARM.Collect$$libinit$$0000000F)
    __rt_lib_init_preinit_1                  0x080002e3   Thumb Code     0  libinit2.o(.ARM.Collect$$libinit$$00000004)
    __rt_lib_init_rand_1                     0x080002e3   Thumb Code     0  libinit2.o(.ARM.Collect$$libinit$$0000000E)
    __rt_lib_init_user_alloc_1               0x080002e3   Thumb Code     0  libinit2.o(.ARM.Collect$$libinit$$0000000C)
    __rt_lib_init_lc_collate_1               0x080002e9   Thumb Code     0  libinit2.o(.ARM.Collect$$libinit$$00000011)
    __rt_lib_init_lc_ctype_2                 0x080002e9   Thumb Code     0  libinit2.o(.ARM.Collect$$libinit$$00000012)
    __rt_lib_init_lc_ctype_1                 0x080002f5   Thumb Code     0  libinit2.o(.ARM.Collect$$libinit$$00000013)
    __rt_lib_init_lc_monetary_1              0x080002f5   Thumb Code     0  libinit2.o(.ARM.Collect$$libinit$$00000015)
    __rt_lib_init_lc_numeric_2               0x080002f5   Thumb Code     0  libinit2.o(.ARM.Collect$$libinit$$00000016)
    __rt_lib_init_alloca_1                   0x080002ff   Thumb Code     0  libinit2.o(.ARM.Collect$$libinit$$0000002E)
    __rt_lib_init_argv_1                     0x080002ff   Thumb Code     0  libinit2.o(.ARM.Collect$$libinit$$0000002C)
    __rt_lib_init_atexit_1                   0x080002ff   Thumb Code     0  libinit2.o(.ARM.Collect$$libinit$$0000001B)
    __rt_lib_init_clock_1                    0x080002ff   Thumb Code     0  libinit2.o(.ARM.Collect$$libinit$$00000021)
    __rt_lib_init_cpp_1                      0x080002ff   Thumb Code     0  libinit2.o(.ARM.Collect$$libinit$$00000032)
    __rt_lib_init_exceptions_1               0x080002ff   Thumb Code     0  libinit2.o(.ARM.Collect$$libinit$$00000030)
    __rt_lib_init_fp_trap_1                  0x080002ff   Thumb Code     0  libinit2.o(.ARM.Collect$$libinit$$0000001F)
    __rt_lib_init_getenv_1                   0x080002ff   Thumb Code     0  libinit2.o(.ARM.Collect$$libinit$$00000023)
    __rt_lib_init_lc_numeric_1               0x080002ff   Thumb Code     0  libinit2.o(.ARM.Collect$$libinit$$00000017)
    __rt_lib_init_lc_time_1                  0x080002ff   Thumb Code     0  libinit2.o(.ARM.Collect$$libinit$$00000019)
    __rt_lib_init_return                     0x080002ff   Thumb Code     0  libinit2.o(.ARM.Collect$$libinit$$00000033)
    __rt_lib_init_signal_1                   0x080002ff   Thumb Code     0  libinit2.o(.ARM.Collect$$libinit$$0000001D)
    __rt_lib_init_stdio_1                    0x080002ff   Thumb Code     0  libinit2.o(.ARM.Collect$$libinit$$00000025)
    __rt_lib_shutdown                        0x08000301   Thumb Code     0  libshutdown.o(.ARM.Collect$$libshutdown$$00000000)
    __rt_lib_shutdown_cpp_1                  0x08000303   Thumb Code     0  libshutdown2.o(.ARM.Collect$$libshutdown$$00000002)
    __rt_lib_shutdown_fp_trap_1              0x08000303   Thumb Code     0  libshutdown2.o(.ARM.Collect$$libshutdown$$00000007)
    __rt_lib_shutdown_heap_1                 0x08000303   Thumb Code     0  libshutdown2.o(.ARM.Collect$$libshutdown$$0000000F)
    __rt_lib_shutdown_return                 0x08000303   Thumb Code     0  libshutdown2.o(.ARM.Collect$$libshutdown$$00000010)
    __rt_lib_shutdown_signal_1               0x08000303   Thumb Code     0  libshutdown2.o(.ARM.Collect$$libshutdown$$0000000A)
    __rt_lib_shutdown_stdio_1                0x08000303   Thumb Code     0  libshutdown2.o(.ARM.Collect$$libshutdown$$00000004)
    __rt_lib_shutdown_user_alloc_1           0x08000303   Thumb Code     0  libshutdown2.o(.ARM.Collect$$libshutdown$$0000000C)
    __rt_entry                               0x08000305   Thumb Code     0  __rtentry.o(.ARM.Collect$$rtentry$$00000000)
    __rt_entry_presh_1                       0x08000305   Thumb Code     0  __rtentry2.o(.ARM.Collect$$rtentry$$00000002)
    __rt_entry_sh                            0x08000305   Thumb Code     0  __rtentry4.o(.ARM.Collect$$rtentry$$00000004)
    __rt_entry_li                            0x0800030b   Thumb Code     0  __rtentry2.o(.ARM.Collect$$rtentry$$0000000A)
    __rt_entry_postsh_1                      0x0800030b   Thumb Code     0  __rtentry2.o(.ARM.Collect$$rtentry$$00000009)
    __rt_entry_main                          0x0800030f   Thumb Code     0  __rtentry2.o(.ARM.Collect$$rtentry$$0000000D)
    __rt_entry_postli_1                      0x0800030f   Thumb Code     0  __rtentry2.o(.ARM.Collect$$rtentry$$0000000C)
    __rt_exit                                0x08000317   Thumb Code     0  rtexit.o(.ARM.Collect$$rtexit$$00000000)
    __rt_exit_ls                             0x08000319   Thumb Code     0  rtexit2.o(.ARM.Collect$$rtexit$$00000003)
    __rt_exit_prels_1                        0x08000319   Thumb Code     0  rtexit2.o(.ARM.Collect$$rtexit$$00000002)
    __rt_exit_exit                           0x0800031d   Thumb Code     0  rtexit2.o(.ARM.Collect$$rtexit$$00000004)
    Reset_Handler                            0x08000325   Thumb Code     8  startup_stm32g431xx.o(.text)
    ADC1_2_IRQHandler                        0x0800033f   Thumb Code     0  startup_stm32g431xx.o(.text)
    COMP1_2_3_IRQHandler                     0x0800033f   Thumb Code     0  startup_stm32g431xx.o(.text)
    COMP4_IRQHandler                         0x0800033f   Thumb Code     0  startup_stm32g431xx.o(.text)
    CORDIC_IRQHandler                        0x0800033f   Thumb Code     0  startup_stm32g431xx.o(.text)
    CRS_IRQHandler                           0x0800033f   Thumb Code     0  startup_stm32g431xx.o(.text)
    DMA1_Channel3_IRQHandler                 0x0800033f   Thumb Code     0  startup_stm32g431xx.o(.text)
    DMA1_Channel4_IRQHandler                 0x0800033f   Thumb Code     0  startup_stm32g431xx.o(.text)
    DMA1_Channel5_IRQHandler                 0x0800033f   Thumb Code     0  startup_stm32g431xx.o(.text)
    DMA1_Channel6_IRQHandler                 0x0800033f   Thumb Code     0  startup_stm32g431xx.o(.text)
    DMA2_Channel1_IRQHandler                 0x0800033f   Thumb Code     0  startup_stm32g431xx.o(.text)
    DMA2_Channel2_IRQHandler                 0x0800033f   Thumb Code     0  startup_stm32g431xx.o(.text)
    DMA2_Channel3_IRQHandler                 0x0800033f   Thumb Code     0  startup_stm32g431xx.o(.text)
    DMA2_Channel4_IRQHandler                 0x0800033f   Thumb Code     0  startup_stm32g431xx.o(.text)
    DMA2_Channel5_IRQHandler                 0x0800033f   Thumb Code     0  startup_stm32g431xx.o(.text)
    DMA2_Channel6_IRQHandler                 0x0800033f   Thumb Code     0  startup_stm32g431xx.o(.text)
    DMAMUX_OVR_IRQHandler                    0x0800033f   Thumb Code     0  startup_stm32g431xx.o(.text)
    EXTI0_IRQHandler                         0x0800033f   Thumb Code     0  startup_stm32g431xx.o(.text)
    EXTI15_10_IRQHandler                     0x0800033f   Thumb Code     0  startup_stm32g431xx.o(.text)
    EXTI1_IRQHandler                         0x0800033f   Thumb Code     0  startup_stm32g431xx.o(.text)
    EXTI2_IRQHandler                         0x0800033f   Thumb Code     0  startup_stm32g431xx.o(.text)
    EXTI3_IRQHandler                         0x0800033f   Thumb Code     0  startup_stm32g431xx.o(.text)
    EXTI4_IRQHandler                         0x0800033f   Thumb Code     0  startup_stm32g431xx.o(.text)
    EXTI9_5_IRQHandler                       0x0800033f   Thumb Code     0  startup_stm32g431xx.o(.text)
    FDCAN1_IT0_IRQHandler                    0x0800033f   Thumb Code     0  startup_stm32g431xx.o(.text)
    FDCAN1_IT1_IRQHandler                    0x0800033f   Thumb Code     0  startup_stm32g431xx.o(.text)
    FLASH_IRQHandler                         0x0800033f   Thumb Code     0  startup_stm32g431xx.o(.text)
    FMAC_IRQHandler                          0x0800033f   Thumb Code     0  startup_stm32g431xx.o(.text)
    FPU_IRQHandler                           0x0800033f   Thumb Code     0  startup_stm32g431xx.o(.text)
    I2C1_ER_IRQHandler                       0x0800033f   Thumb Code     0  startup_stm32g431xx.o(.text)
    I2C1_EV_IRQHandler                       0x0800033f   Thumb Code     0  startup_stm32g431xx.o(.text)
    I2C2_ER_IRQHandler                       0x0800033f   Thumb Code     0  startup_stm32g431xx.o(.text)
    I2C2_EV_IRQHandler                       0x0800033f   Thumb Code     0  startup_stm32g431xx.o(.text)
    I2C3_ER_IRQHandler                       0x0800033f   Thumb Code     0  startup_stm32g431xx.o(.text)
    I2C3_EV_IRQHandler                       0x0800033f   Thumb Code     0  startup_stm32g431xx.o(.text)
    LPTIM1_IRQHandler                        0x0800033f   Thumb Code     0  startup_stm32g431xx.o(.text)
    LPUART1_IRQHandler                       0x0800033f   Thumb Code     0  startup_stm32g431xx.o(.text)
    PVD_PVM_IRQHandler                       0x0800033f   Thumb Code     0  startup_stm32g431xx.o(.text)
    RCC_IRQHandler                           0x0800033f   Thumb Code     0  startup_stm32g431xx.o(.text)
    RNG_IRQHandler                           0x0800033f   Thumb Code     0  startup_stm32g431xx.o(.text)
    RTC_Alarm_IRQHandler                     0x0800033f   Thumb Code     0  startup_stm32g431xx.o(.text)
    RTC_TAMP_LSECSS_IRQHandler               0x0800033f   Thumb Code     0  startup_stm32g431xx.o(.text)
    RTC_WKUP_IRQHandler                      0x0800033f   Thumb Code     0  startup_stm32g431xx.o(.text)
    SAI1_IRQHandler                          0x0800033f   Thumb Code     0  startup_stm32g431xx.o(.text)
    SPI1_IRQHandler                          0x0800033f   Thumb Code     0  startup_stm32g431xx.o(.text)
    SPI2_IRQHandler                          0x0800033f   Thumb Code     0  startup_stm32g431xx.o(.text)
    SPI3_IRQHandler                          0x0800033f   Thumb Code     0  startup_stm32g431xx.o(.text)
    TIM1_BRK_TIM15_IRQHandler                0x0800033f   Thumb Code     0  startup_stm32g431xx.o(.text)
    TIM1_CC_IRQHandler                       0x0800033f   Thumb Code     0  startup_stm32g431xx.o(.text)
    TIM1_UP_TIM16_IRQHandler                 0x0800033f   Thumb Code     0  startup_stm32g431xx.o(.text)
    TIM4_IRQHandler                          0x0800033f   Thumb Code     0  startup_stm32g431xx.o(.text)
    TIM6_DAC_IRQHandler                      0x0800033f   Thumb Code     0  startup_stm32g431xx.o(.text)
    TIM8_BRK_IRQHandler                      0x0800033f   Thumb Code     0  startup_stm32g431xx.o(.text)
    TIM8_CC_IRQHandler                       0x0800033f   Thumb Code     0  startup_stm32g431xx.o(.text)
    TIM8_TRG_COM_IRQHandler                  0x0800033f   Thumb Code     0  startup_stm32g431xx.o(.text)
    TIM8_UP_IRQHandler                       0x0800033f   Thumb Code     0  startup_stm32g431xx.o(.text)
    UART4_IRQHandler                         0x0800033f   Thumb Code     0  startup_stm32g431xx.o(.text)
    UCPD1_IRQHandler                         0x0800033f   Thumb Code     0  startup_stm32g431xx.o(.text)
    USART2_IRQHandler                        0x0800033f   Thumb Code     0  startup_stm32g431xx.o(.text)
    USART3_IRQHandler                        0x0800033f   Thumb Code     0  startup_stm32g431xx.o(.text)
    USBWakeUp_IRQHandler                     0x0800033f   Thumb Code     0  startup_stm32g431xx.o(.text)
    USB_HP_IRQHandler                        0x0800033f   Thumb Code     0  startup_stm32g431xx.o(.text)
    USB_LP_IRQHandler                        0x0800033f   Thumb Code     0  startup_stm32g431xx.o(.text)
    WWDG_IRQHandler                          0x0800033f   Thumb Code     0  startup_stm32g431xx.o(.text)
    __user_initial_stackheap                 0x08000341   Thumb Code     0  startup_stm32g431xx.o(.text)
    __aeabi_uldivmod                         0x08000365   Thumb Code     0  lludivv7m.o(.text)
    _ll_udiv                                 0x08000365   Thumb Code   238  lludivv7m.o(.text)
    vsprintf                                 0x08000455   Thumb Code    32  vsprintf.o(.text)
    vsnprintf                                0x08000479   Thumb Code    48  vsnprintf.o(.text)
    __aeabi_memclr4                          0x080004ad   Thumb Code     0  rt_memclr_w.o(.text)
    __aeabi_memclr8                          0x080004ad   Thumb Code     0  rt_memclr_w.o(.text)
    __rt_memclr_w                            0x080004ad   Thumb Code    78  rt_memclr_w.o(.text)
    _memset_w                                0x080004b1   Thumb Code     0  rt_memclr_w.o(.text)
    __use_two_region_memory                  0x080004fb   Thumb Code     2  heapauxi.o(.text)
    __rt_heap_escrow$2region                 0x080004fd   Thumb Code     2  heapauxi.o(.text)
    __rt_heap_expand$2region                 0x080004ff   Thumb Code     2  heapauxi.o(.text)
    _printf_pre_padding                      0x08000501   Thumb Code    44  _printf_pad.o(.text)
    _printf_post_padding                     0x0800052d   Thumb Code    34  _printf_pad.o(.text)
    _printf_truncate_signed                  0x0800054f   Thumb Code    18  _printf_truncate.o(.text)
    _printf_truncate_unsigned                0x08000561   Thumb Code    18  _printf_truncate.o(.text)
    _printf_str                              0x08000573   Thumb Code    82  _printf_str.o(.text)
    _printf_int_dec                          0x080005c5   Thumb Code   104  _printf_dec.o(.text)
    _printf_charcount                        0x0800063d   Thumb Code    40  _printf_charcount.o(.text)
    _printf_char_common                      0x0800066f   Thumb Code    32  _printf_char_common.o(.text)
    _sputc                                   0x08000695   Thumb Code    10  _sputc.o(.text)
    _snputc                                  0x0800069f   Thumb Code    16  _snputc.o(.text)
    _printf_wctomb                           0x080006b1   Thumb Code   182  _printf_wctomb.o(.text)
    _printf_longlong_dec                     0x0800076d   Thumb Code   108  _printf_longlong_dec.o(.text)
    _printf_longlong_oct                     0x080007e9   Thumb Code    66  _printf_oct_int_ll.o(.text)
    _printf_int_oct                          0x0800082b   Thumb Code    24  _printf_oct_int_ll.o(.text)
    _printf_ll_oct                           0x08000843   Thumb Code    12  _printf_oct_int_ll.o(.text)
    _printf_longlong_hex                     0x08000859   Thumb Code    86  _printf_hex_int_ll_ptr.o(.text)
    _printf_int_hex                          0x080008af   Thumb Code    28  _printf_hex_int_ll_ptr.o(.text)
    _printf_ll_hex                           0x080008cb   Thumb Code    12  _printf_hex_int_ll_ptr.o(.text)
    _printf_hex_ptr                          0x080008d7   Thumb Code    18  _printf_hex_int_ll_ptr.o(.text)
    __printf                                 0x080008ed   Thumb Code   388  __printf_flags_ss_wp.o(.text)
    _ll_udiv10                               0x08000a75   Thumb Code   138  lludiv10.o(.text)
    _printf_int_common                       0x08000aff   Thumb Code   178  _printf_intcommon.o(.text)
    __lib_sel_fp_printf                      0x08000bb1   Thumb Code     2  _printf_fp_dec.o(.text)
    _printf_fp_dec_real                      0x08000d63   Thumb Code   620  _printf_fp_dec.o(.text)
    _printf_fp_hex_real                      0x08000fd1   Thumb Code   756  _printf_fp_hex.o(.text)
    _printf_cs_common                        0x080012cd   Thumb Code    20  _printf_char.o(.text)
    _printf_char                             0x080012e1   Thumb Code    16  _printf_char.o(.text)
    _printf_string                           0x080012f1   Thumb Code     8  _printf_char.o(.text)
    _printf_lcs_common                       0x080012f9   Thumb Code    20  _printf_wchar.o(.text)
    _printf_wchar                            0x0800130d   Thumb Code    16  _printf_wchar.o(.text)
    _printf_wstring                          0x0800131d   Thumb Code     8  _printf_wchar.o(.text)
    _wcrtomb                                 0x08001325   Thumb Code    64  _wcrtomb.o(.text)
    __user_setup_stackheap                   0x08001365   Thumb Code    74  sys_stackheap_outer.o(.text)
    __rt_ctype_table                         0x080013b1   Thumb Code    16  rt_ctype_table.o(.text)
    __rt_locale                              0x080013c1   Thumb Code     8  rt_locale_intlibspace.o(.text)
    _printf_fp_infnan                        0x080013c9   Thumb Code   112  _printf_fp_infnan.o(.text)
    _btod_etento                             0x08001449   Thumb Code   224  bigflt0.o(.text)
    exit                                     0x0800152d   Thumb Code    18  exit.o(.text)
    __user_libspace                          0x08001541   Thumb Code     8  libspace.o(.text)
    __user_perproc_libspace                  0x08001541   Thumb Code     0  libspace.o(.text)
    __user_perthread_libspace                0x08001541   Thumb Code     0  libspace.o(.text)
    strcmp                                   0x08001549   Thumb Code   128  strcmpv7m.o(.text)
    _sys_exit                                0x080015c9   Thumb Code     8  sys_exit.o(.text)
    __I$use$semihosting                      0x080015d5   Thumb Code     0  use_no_semi.o(.text)
    __use_no_semihosting_swi                 0x080015d5   Thumb Code     2  use_no_semi.o(.text)
    __semihosting_library_function           0x080015d7   Thumb Code     0  indicate_semi.o(.text)
    _btod_d2e                                0x080015d7   Thumb Code    62  btod.o(CL$$btod_d2e)
    _d2e_denorm_low                          0x08001615   Thumb Code    70  btod.o(CL$$btod_d2e_denorm_low)
    _d2e_norm_op1                            0x0800165b   Thumb Code    96  btod.o(CL$$btod_d2e_norm_op1)
    __btod_div_common                        0x080016bb   Thumb Code   696  btod.o(CL$$btod_div_common)
    _e2e                                     0x080019f3   Thumb Code   220  btod.o(CL$$btod_e2e)
    _btod_ediv                               0x08001acf   Thumb Code    42  btod.o(CL$$btod_ediv)
    _btod_emul                               0x08001af9   Thumb Code    42  btod.o(CL$$btod_emul)
    __btod_mult_common                       0x08001b23   Thumb Code   580  btod.o(CL$$btod_mult_common)
    BusFault_Handler                         0x08001d67   Thumb Code     2  stm32g4xx_it.o(i.BusFault_Handler)
    DMA1_Channel1_IRQHandler                 0x08001d69   Thumb Code     6  stm32g4xx_it.o(i.DMA1_Channel1_IRQHandler)
    DMA1_Channel2_IRQHandler                 0x08001d75   Thumb Code     6  stm32g4xx_it.o(i.DMA1_Channel2_IRQHandler)
    DebugMon_Handler                         0x08001e23   Thumb Code     2  stm32g4xx_it.o(i.DebugMon_Handler)
    Delay_LCD                                0x08001e25   Thumb Code    28  lcd.o(i.Delay_LCD)
    Error_Handler                            0x08001e41   Thumb Code     4  main.o(i.Error_Handler)
    HAL_ADC_ConfigChannel                    0x08001e45   Thumb Code  1006  stm32g4xx_hal_adc.o(i.HAL_ADC_ConfigChannel)
    HAL_ADC_Init                             0x08002269   Thumb Code   466  stm32g4xx_hal_adc.o(i.HAL_ADC_Init)
    HAL_ADC_MspInit                          0x0800245d   Thumb Code   106  adc.o(i.HAL_ADC_MspInit)
    HAL_DMA_Abort                            0x080024d5   Thumb Code   106  stm32g4xx_hal_dma.o(i.HAL_DMA_Abort)
    HAL_DMA_Abort_IT                         0x0800253f   Thumb Code   120  stm32g4xx_hal_dma.o(i.HAL_DMA_Abort_IT)
    HAL_DMA_IRQHandler                       0x080025b7   Thumb Code   186  stm32g4xx_hal_dma.o(i.HAL_DMA_IRQHandler)
    HAL_DMA_Init                             0x08002671   Thumb Code   178  stm32g4xx_hal_dma.o(i.HAL_DMA_Init)
    HAL_DMA_Start_IT                         0x08002731   Thumb Code   140  stm32g4xx_hal_dma.o(i.HAL_DMA_Start_IT)
    HAL_Delay                                0x080027bd   Thumb Code    32  stm32g4xx_hal.o(i.HAL_Delay)
    HAL_GPIO_Init                            0x080027e1   Thumb Code   550  stm32g4xx_hal_gpio.o(i.HAL_GPIO_Init)
    HAL_GPIO_ReadPin                         0x08002a29   Thumb Code    10  stm32g4xx_hal_gpio.o(i.HAL_GPIO_ReadPin)
    HAL_GPIO_WritePin                        0x08002a33   Thumb Code    10  stm32g4xx_hal_gpio.o(i.HAL_GPIO_WritePin)
    HAL_GetTick                              0x08002a3d   Thumb Code     6  stm32g4xx_hal.o(i.HAL_GetTick)
    HAL_IncTick                              0x08002a49   Thumb Code    12  stm32g4xx_hal.o(i.HAL_IncTick)
    HAL_Init                                 0x08002a59   Thumb Code    30  stm32g4xx_hal.o(i.HAL_Init)
    HAL_InitTick                             0x08002a79   Thumb Code    58  stm32g4xx_hal.o(i.HAL_InitTick)
    HAL_MspInit                              0x08002abd   Thumb Code    42  stm32g4xx_hal_msp.o(i.HAL_MspInit)
    HAL_NVIC_EnableIRQ                       0x08002aed   Thumb Code    26  stm32g4xx_hal_cortex.o(i.HAL_NVIC_EnableIRQ)
    HAL_NVIC_SetPriority                     0x08002b09   Thumb Code    60  stm32g4xx_hal_cortex.o(i.HAL_NVIC_SetPriority)
    HAL_NVIC_SetPriorityGrouping             0x08002b49   Thumb Code    26  stm32g4xx_hal_cortex.o(i.HAL_NVIC_SetPriorityGrouping)
    HAL_PWREx_ControlVoltageScaling          0x08002b6d   Thumb Code   174  stm32g4xx_hal_pwr_ex.o(i.HAL_PWREx_ControlVoltageScaling)
    HAL_PWREx_DisableUCPDDeadBattery         0x08002c29   Thumb Code    12  stm32g4xx_hal_pwr_ex.o(i.HAL_PWREx_DisableUCPDDeadBattery)
    HAL_RCCEx_PeriphCLKConfig                0x08002c39   Thumb Code   638  stm32g4xx_hal_rcc_ex.o(i.HAL_RCCEx_PeriphCLKConfig)
    HAL_RCC_ClockConfig                      0x08002ec1   Thumb Code   444  stm32g4xx_hal_rcc.o(i.HAL_RCC_ClockConfig)
    HAL_RCC_GetPCLK1Freq                     0x0800309d   Thumb Code    24  stm32g4xx_hal_rcc.o(i.HAL_RCC_GetPCLK1Freq)
    HAL_RCC_GetPCLK2Freq                     0x080030c1   Thumb Code    24  stm32g4xx_hal_rcc.o(i.HAL_RCC_GetPCLK2Freq)
    HAL_RCC_GetSysClockFreq                  0x080030e5   Thumb Code    98  stm32g4xx_hal_rcc.o(i.HAL_RCC_GetSysClockFreq)
    HAL_RCC_OscConfig                        0x08003155   Thumb Code  1028  stm32g4xx_hal_rcc.o(i.HAL_RCC_OscConfig)
    HAL_RTC_GetDate                          0x08003559   Thumb Code    62  stm32g4xx_hal_rtc.o(i.HAL_RTC_GetDate)
    HAL_RTC_GetTime                          0x0800359d   Thumb Code    78  stm32g4xx_hal_rtc.o(i.HAL_RTC_GetTime)
    HAL_RTC_Init                             0x080035f1   Thumb Code   152  stm32g4xx_hal_rtc.o(i.HAL_RTC_Init)
    HAL_RTC_MspInit                          0x0800368d   Thumb Code    80  rtc.o(i.HAL_RTC_MspInit)
    HAL_RTC_SetDate                          0x080036e5   Thumb Code   156  stm32g4xx_hal_rtc.o(i.HAL_RTC_SetDate)
    HAL_RTC_SetTime                          0x08003785   Thumb Code   198  stm32g4xx_hal_rtc.o(i.HAL_RTC_SetTime)
    HAL_RTC_WaitForSynchro                   0x08003851   Thumb Code    50  stm32g4xx_hal_rtc.o(i.HAL_RTC_WaitForSynchro)
    HAL_SYSTICK_Config                       0x08003889   Thumb Code    40  stm32g4xx_hal_cortex.o(i.HAL_SYSTICK_Config)
    HAL_TIMEx_Break2Callback                 0x080038b1   Thumb Code     2  stm32g4xx_hal_tim_ex.o(i.HAL_TIMEx_Break2Callback)
    HAL_TIMEx_BreakCallback                  0x080038b3   Thumb Code     2  stm32g4xx_hal_tim_ex.o(i.HAL_TIMEx_BreakCallback)
    HAL_TIMEx_CommutCallback                 0x080038b5   Thumb Code     2  stm32g4xx_hal_tim_ex.o(i.HAL_TIMEx_CommutCallback)
    HAL_TIMEx_DirectionChangeCallback        0x080038b7   Thumb Code     2  stm32g4xx_hal_tim_ex.o(i.HAL_TIMEx_DirectionChangeCallback)
    HAL_TIMEx_EncoderIndexCallback           0x080038b9   Thumb Code     2  stm32g4xx_hal_tim_ex.o(i.HAL_TIMEx_EncoderIndexCallback)
    HAL_TIMEx_IndexErrorCallback             0x080038bb   Thumb Code     2  stm32g4xx_hal_tim_ex.o(i.HAL_TIMEx_IndexErrorCallback)
    HAL_TIMEx_MasterConfigSynchronization    0x080038bd   Thumb Code   132  stm32g4xx_hal_tim_ex.o(i.HAL_TIMEx_MasterConfigSynchronization)
    HAL_TIMEx_TransitionErrorCallback        0x08003959   Thumb Code     2  stm32g4xx_hal_tim_ex.o(i.HAL_TIMEx_TransitionErrorCallback)
    HAL_TIM_Base_Init                        0x0800395b   Thumb Code    98  stm32g4xx_hal_tim.o(i.HAL_TIM_Base_Init)
    HAL_TIM_Base_MspInit                     0x080039bd   Thumb Code   122  tim.o(i.HAL_TIM_Base_MspInit)
    HAL_TIM_ConfigClockSource                0x08003a45   Thumb Code   246  stm32g4xx_hal_tim.o(i.HAL_TIM_ConfigClockSource)
    HAL_TIM_GenerateEvent                    0x08003b45   Thumb Code    38  stm32g4xx_hal_tim.o(i.HAL_TIM_GenerateEvent)
    HAL_TIM_IC_CaptureCallback               0x08003b6d   Thumb Code    58  fun.o(i.HAL_TIM_IC_CaptureCallback)
    HAL_TIM_IC_ConfigChannel                 0x08003bb5   Thumb Code   292  stm32g4xx_hal_tim.o(i.HAL_TIM_IC_ConfigChannel)
    HAL_TIM_IC_Init                          0x08003cd9   Thumb Code    98  stm32g4xx_hal_tim.o(i.HAL_TIM_IC_Init)
    HAL_TIM_IC_MspInit                       0x08003d3d   Thumb Code   134  tim.o(i.HAL_TIM_IC_MspInit)
    HAL_TIM_IC_Start                         0x08003dd1   Thumb Code   234  stm32g4xx_hal_tim.o(i.HAL_TIM_IC_Start)
    HAL_TIM_IC_Start_IT                      0x08003ed5   Thumb Code   274  stm32g4xx_hal_tim.o(i.HAL_TIM_IC_Start_IT)
    HAL_TIM_IRQHandler                       0x08004001   Thumb Code   418  stm32g4xx_hal_tim.o(i.HAL_TIM_IRQHandler)
    HAL_TIM_MspPostInit                      0x080041a5   Thumb Code    70  tim.o(i.HAL_TIM_MspPostInit)
    HAL_TIM_OC_DelayElapsedCallback          0x080041f1   Thumb Code     2  stm32g4xx_hal_tim.o(i.HAL_TIM_OC_DelayElapsedCallback)
    HAL_TIM_PWM_ConfigChannel                0x080041f3   Thumb Code   292  stm32g4xx_hal_tim.o(i.HAL_TIM_PWM_ConfigChannel)
    HAL_TIM_PWM_Init                         0x08004317   Thumb Code    98  stm32g4xx_hal_tim.o(i.HAL_TIM_PWM_Init)
    HAL_TIM_PWM_MspInit                      0x08004379   Thumb Code     2  stm32g4xx_hal_tim.o(i.HAL_TIM_PWM_MspInit)
    HAL_TIM_PWM_PulseFinishedCallback        0x0800437b   Thumb Code     2  stm32g4xx_hal_tim.o(i.HAL_TIM_PWM_PulseFinishedCallback)
    HAL_TIM_PWM_Start_IT                     0x0800437d   Thumb Code   262  stm32g4xx_hal_tim.o(i.HAL_TIM_PWM_Start_IT)
    HAL_TIM_PeriodElapsedCallback            0x080044a5   Thumb Code     2  stm32g4xx_hal_tim.o(i.HAL_TIM_PeriodElapsedCallback)
    HAL_TIM_ReadCapturedValue                0x080044a7   Thumb Code    42  stm32g4xx_hal_tim.o(i.HAL_TIM_ReadCapturedValue)
    HAL_TIM_TriggerCallback                  0x080044d1   Thumb Code     2  stm32g4xx_hal_tim.o(i.HAL_TIM_TriggerCallback)
    HAL_UARTEx_DisableFifoMode               0x080044d3   Thumb Code    62  stm32g4xx_hal_uart_ex.o(i.HAL_UARTEx_DisableFifoMode)
    HAL_UARTEx_RxEventCallback               0x08004511   Thumb Code     2  stm32g4xx_hal_uart.o(i.HAL_UARTEx_RxEventCallback)
    HAL_UARTEx_RxFifoFullCallback            0x08004513   Thumb Code     2  stm32g4xx_hal_uart_ex.o(i.HAL_UARTEx_RxFifoFullCallback)
    HAL_UARTEx_SetRxFifoThreshold            0x08004515   Thumb Code    76  stm32g4xx_hal_uart_ex.o(i.HAL_UARTEx_SetRxFifoThreshold)
    HAL_UARTEx_SetTxFifoThreshold            0x08004561   Thumb Code    76  stm32g4xx_hal_uart_ex.o(i.HAL_UARTEx_SetTxFifoThreshold)
    HAL_UARTEx_TxFifoEmptyCallback           0x080045ad   Thumb Code     2  stm32g4xx_hal_uart_ex.o(i.HAL_UARTEx_TxFifoEmptyCallback)
    HAL_UARTEx_WakeupCallback                0x080045af   Thumb Code     2  stm32g4xx_hal_uart_ex.o(i.HAL_UARTEx_WakeupCallback)
    HAL_UART_ErrorCallback                   0x080045b1   Thumb Code     2  stm32g4xx_hal_uart.o(i.HAL_UART_ErrorCallback)
    HAL_UART_IRQHandler                      0x080045b5   Thumb Code   782  stm32g4xx_hal_uart.o(i.HAL_UART_IRQHandler)
    HAL_UART_Init                            0x080048d1   Thumb Code   106  stm32g4xx_hal_uart.o(i.HAL_UART_Init)
    HAL_UART_MspInit                         0x0800493d   Thumb Code   224  usart.o(i.HAL_UART_MspInit)
    HAL_UART_Transmit_DMA                    0x08004a2d   Thumb Code   132  stm32g4xx_hal_uart.o(i.HAL_UART_Transmit_DMA)
    HAL_UART_TxCpltCallback                  0x08004abd   Thumb Code     2  stm32g4xx_hal_uart.o(i.HAL_UART_TxCpltCallback)
    HAL_UART_TxHalfCpltCallback              0x08004abf   Thumb Code     2  stm32g4xx_hal_uart.o(i.HAL_UART_TxHalfCpltCallback)
    HardFault_Handler                        0x08004ac1   Thumb Code     2  stm32g4xx_it.o(i.HardFault_Handler)
    Key_Proc                                 0x08004ac5   Thumb Code   258  fun.o(i.Key_Proc)
    Key_scan                                 0x08004bd9   Thumb Code    86  fun.o(i.Key_scan)
    LCD_BusIn                                0x08004c39   Thumb Code    40  lcd.o(i.LCD_BusIn)
    LCD_BusOut                               0x08004c65   Thumb Code    42  lcd.o(i.LCD_BusOut)
    LCD_Clear                                0x08004c95   Thumb Code    36  lcd.o(i.LCD_Clear)
    LCD_CtrlLinesConfig                      0x08004cb9   Thumb Code   136  lcd.o(i.LCD_CtrlLinesConfig)
    LCD_Disp                                 0x08004d49   Thumb Code    34  fun.o(i.LCD_Disp)
    LCD_DisplayChar                          0x08004d6d   Thumb Code    18  lcd.o(i.LCD_DisplayChar)
    LCD_DisplayStringLine                    0x08004d85   Thumb Code    42  lcd.o(i.LCD_DisplayStringLine)
    LCD_DrawChar                             0x08004db1   Thumb Code    84  lcd.o(i.LCD_DrawChar)
    LCD_Init                                 0x08004e09   Thumb Code    46  lcd.o(i.LCD_Init)
    LCD_Proc                                 0x08004e3d   Thumb Code    46  fun.o(i.LCD_Proc)
    LCD_ReadReg                              0x08004ea5   Thumb Code   120  lcd.o(i.LCD_ReadReg)
    LCD_SetBackColor                         0x08004f25   Thumb Code    12  lcd.o(i.LCD_SetBackColor)
    LCD_SetCursor                            0x08004f35   Thumb Code    24  lcd.o(i.LCD_SetCursor)
    LCD_SetTextColor                         0x08004f4d   Thumb Code    12  lcd.o(i.LCD_SetTextColor)
    LCD_WriteRAM                             0x08004f5d   Thumb Code    86  lcd.o(i.LCD_WriteRAM)
    LCD_WriteRAM_Prepare                     0x08004fbd   Thumb Code    88  lcd.o(i.LCD_WriteRAM_Prepare)
    LCD_WriteReg                             0x0800501d   Thumb Code   104  lcd.o(i.LCD_WriteReg)
    LED_Proc                                 0x0800508d   Thumb Code     2  fun.o(i.LED_Proc)
    LED_Show                                 0x08005091   Thumb Code    58  led.o(i.LED_Show)
    Led_Init                                 0x0800511f   Thumb Code    22  led.o(i.Led_Init)
    MX_ADC2_Init                             0x08005135   Thumb Code   110  adc.o(i.MX_ADC2_Init)
    MX_DMA_Init                              0x080051b1   Thumb Code    72  dma.o(i.MX_DMA_Init)
    MX_GPIO_Init                             0x080051fd   Thumb Code   194  gpio.o(i.MX_GPIO_Init)
    MX_RTC_Init                              0x080052d1   Thumb Code   142  rtc.o(i.MX_RTC_Init)
    MX_TIM17_Init                            0x08005369   Thumb Code    48  tim.o(i.MX_TIM17_Init)
    MX_TIM2_Init                             0x080053a1   Thumb Code   150  tim.o(i.MX_TIM2_Init)
    MX_TIM3_Init                             0x0800543d   Thumb Code   102  tim.o(i.MX_TIM3_Init)
    MX_TIM7_Init                             0x080054ad   Thumb Code    64  tim.o(i.MX_TIM7_Init)
    MX_USART1_UART_Init                      0x080054f5   Thumb Code    94  usart.o(i.MX_USART1_UART_Init)
    MemManage_Handler                        0x0800555d   Thumb Code     2  stm32g4xx_it.o(i.MemManage_Handler)
    MyRTC_ReadTime                           0x08005561   Thumb Code    66  fun.o(i.MyRTC_ReadTime)
    My_RTC_SetTime                           0x080055ad   Thumb Code    70  fun.o(i.My_RTC_SetTime)
    NMI_Handler                              0x080055fd   Thumb Code     2  stm32g4xx_it.o(i.NMI_Handler)
    PendSV_Handler                           0x080055ff   Thumb Code     2  stm32g4xx_it.o(i.PendSV_Handler)
    REG_8230_Init                            0x08005601   Thumb Code   274  lcd.o(i.REG_8230_Init)
    REG_932X_Init                            0x08005713   Thumb Code   514  lcd.o(i.REG_932X_Init)
    RTC_Bcd2ToByte                           0x08005915   Thumb Code    18  stm32g4xx_hal_rtc.o(i.RTC_Bcd2ToByte)
    RTC_ByteToBcd2                           0x08005927   Thumb Code    24  stm32g4xx_hal_rtc.o(i.RTC_ByteToBcd2)
    RTC_EnterInitMode                        0x08005941   Thumb Code    74  stm32g4xx_hal_rtc.o(i.RTC_EnterInitMode)
    RTC_ExitInitMode                         0x0800598b   Thumb Code    80  stm32g4xx_hal_rtc.o(i.RTC_ExitInitMode)
    SVC_Handler                              0x080059db   Thumb Code     2  stm32g4xx_it.o(i.SVC_Handler)
    Set_PWM_Duty                             0x080059dd   Thumb Code    76  fun.o(i.Set_PWM_Duty)
    Set_PWM_Frequency                        0x08005a39   Thumb Code    26  fun.o(i.Set_PWM_Frequency)
    SysTick_Handler                          0x08005a5d   Thumb Code     4  stm32g4xx_it.o(i.SysTick_Handler)
    SystemClock_Config                       0x08005a61   Thumb Code   102  main.o(i.SystemClock_Config)
    SystemInit                               0x08005ac9   Thumb Code    12  system_stm32g4xx.o(i.SystemInit)
    TIM1_TRG_COM_TIM17_IRQHandler            0x08005ad9   Thumb Code     6  stm32g4xx_it.o(i.TIM1_TRG_COM_TIM17_IRQHandler)
    TIM2_IRQHandler                          0x08005ae5   Thumb Code     6  stm32g4xx_it.o(i.TIM2_IRQHandler)
    TIM3_IRQHandler                          0x08005af1   Thumb Code     6  stm32g4xx_it.o(i.TIM3_IRQHandler)
    TIM7_IRQHandler                          0x08005afd   Thumb Code     6  stm32g4xx_it.o(i.TIM7_IRQHandler)
    TIM_Base_SetConfig                       0x08005b09   Thumb Code   160  stm32g4xx_hal_tim.o(i.TIM_Base_SetConfig)
    TIM_CCxChannelCmd                        0x08005bc5   Thumb Code    26  stm32g4xx_hal_tim.o(i.TIM_CCxChannelCmd)
    TIM_ETR_SetConfig                        0x08005bdf   Thumb Code    20  stm32g4xx_hal_tim.o(i.TIM_ETR_SetConfig)
    TIM_OC2_SetConfig                        0x08005ca5   Thumb Code   120  stm32g4xx_hal_tim.o(i.TIM_OC2_SetConfig)
    TIM_TI1_SetConfig                        0x08005f59   Thumb Code    88  stm32g4xx_hal_tim.o(i.TIM_TI1_SetConfig)
    UART_AdvFeatureConfig                    0x08006065   Thumb Code   200  stm32g4xx_hal_uart.o(i.UART_AdvFeatureConfig)
    UART_CheckIdleState                      0x0800612d   Thumb Code   172  stm32g4xx_hal_uart.o(i.UART_CheckIdleState)
    UART_SetConfig                           0x08006309   Thumb Code   582  stm32g4xx_hal_uart.o(i.UART_SetConfig)
    UART_WaitOnFlagUntilTimeout              0x0800657d   Thumb Code   148  stm32g4xx_hal_uart.o(i.UART_WaitOnFlagUntilTimeout)
    USART1_IRQHandler                        0x08006611   Thumb Code     6  stm32g4xx_it.o(i.USART1_IRQHandler)
    UsageFault_Handler                       0x0800661d   Thumb Code     2  stm32g4xx_it.o(i.UsageFault_Handler)
    Usart1Printf                             0x08006621   Thumb Code    32  fun.o(i.Usart1Printf)
    __ARM_fpclassify                         0x08006649   Thumb Code    48  fpclassify.o(i.__ARM_fpclassify)
    _is_digit                                0x08006699   Thumb Code    14  __printf_wp.o(i._is_digit)
    alarm_clock                              0x080066a9   Thumb Code    28  fun.o(i.alarm_clock)
    main                                     0x080066c9   Thumb Code   130  main.o(i.main)
    _get_lc_numeric                          0x08006755   Thumb Code    44  lc_numeric_c.o(locale$$code)
    _get_lc_ctype                            0x08006781   Thumb Code    44  lc_ctype_c.o(locale$$code)
    _fp_init                                 0x080067ad   Thumb Code    10  fpinit.o(x$fpl$fpinit)
    __fplib_config_fpu_vfp                   0x080067b5   Thumb Code     0  fpinit.o(x$fpl$fpinit)
    __fplib_config_pureend_doubles           0x080067b5   Thumb Code     0  fpinit.o(x$fpl$fpinit)
    _printf_fp_dec                           0x080067b7   Thumb Code     4  printf1.o(x$fpl$printf1)
    _printf_fp_hex                           0x080067bb   Thumb Code     4  printf2.o(x$fpl$printf2)
    UARTPrescTable                           0x080067be   Data          24  stm32g4xx_hal_uart.o(.constdata)
    __I$use$fp                               0x080067be   Number         0  usenofp.o(x$fpl$usenofp)
    AHBPrescTable                            0x080067e6   Data          16  system_stm32g4xx.o(.constdata)
    APBPrescTable                            0x080067f6   Data           8  system_stm32g4xx.o(.constdata)
    ASCII_Table                              0x080067fe   Data        4560  lcd.o(.constdata)
    Region$$Table$$Base                      0x08007acc   Number         0  anon$$obj.o(Region$$Table)
    Region$$Table$$Limit                     0x08007aec   Number         0  anon$$obj.o(Region$$Table)
    __ctype                                  0x08007b15   Data           0  lc_ctype_c.o(locale$$data)
    uwTickPrio                               0x20000000   Data           4  stm32g4xx_hal.o(.data)
    uwTickFreq                               0x20000004   Data           4  stm32g4xx_hal.o(.data)
    uwTick                                   0x20000008   Data           4  stm32g4xx_hal.o(.data)
    SystemCoreClock                          0x2000000c   Data           4  system_stm32g4xx.o(.data)
    Disp_mode                                0x20000010   Data           1  fun.o(.data)
    MyRTC_SetTime                            0x20000012   Data           3  fun.o(.data)
    MyRTC_SetDate                            0x20000015   Data           3  fun.o(.data)
    Key_LongPressed                          0x20000018   Data           4  fun.o(.data)
    Ferq                                     0x20000028   Data           4  fun.o(.data)
    MyRTC_Time                               0x2000002c   Data          12  fun.o(.data)
    dummy                                    0x2000003c   Data           2  lcd.o(.data)
    hadc2                                    0x20000040   Data         108  adc.o(.bss)
    hrtc                                     0x200000ac   Data          40  rtc.o(.bss)
    htim2                                    0x200000d4   Data          76  tim.o(.bss)
    htim3                                    0x20000120   Data          76  tim.o(.bss)
    htim7                                    0x2000016c   Data          76  tim.o(.bss)
    htim17                                   0x200001b8   Data          76  tim.o(.bss)
    huart1                                   0x20000204   Data         148  usart.o(.bss)
    hdma_usart1_tx                           0x20000298   Data          96  usart.o(.bss)
    hdma_usart1_rx                           0x200002f8   Data          96  usart.o(.bss)
    Key_PressTime                            0x20000358   Data          16  fun.o(.bss)
    UartTxBuf                                0x20000368   Data         100  fun.o(.bss)
    __libspace_start                         0x200003cc   Data          96  libspace.o(.bss)
    __temporary_stack_top$libspace           0x2000042c   Data           0  libspace.o(.bss)



==============================================================================

Memory Map of the image

  Image Entry point : 0x080001d9

  Load Region LR_IROM1 (Base: 0x08000000, Size: 0x00007c58, Max: 0x00020000, ABSOLUTE)

    Execution Region ER_IROM1 (Exec base: 0x08000000, Load base: 0x08000000, Size: 0x00007c18, Max: 0x00020000, ABSOLUTE)

    Exec Addr    Load Addr    Size         Type   Attr      Idx    E Section Name        Object

    0x08000000   0x08000000   0x000001d8   Data   RO            3    RESET               startup_stm32g431xx.o
    0x080001d8   0x080001d8   0x00000008   Code   RO         5097  * !!!main             c_w.l(__main.o)
    0x080001e0   0x080001e0   0x00000034   Code   RO         5442    !!!scatter          c_w.l(__scatter.o)
    0x08000214   0x08000214   0x0000001a   Code   RO         5444    !!handler_copy      c_w.l(__scatter_copy.o)
    0x0800022e   0x0800022e   0x00000002   PAD
    0x08000230   0x08000230   0x0000001c   Code   RO         5446    !!handler_zi        c_w.l(__scatter_zi.o)
    0x0800024c   0x0800024c   0x00000000   Code   RO         5195    .ARM.Collect$$_printf_percent$$00000000  c_w.l(_printf_percent.o)
    0x0800024c   0x0800024c   0x00000006   Code   RO         5184    .ARM.Collect$$_printf_percent$$00000001  c_w.l(_printf_n.o)
    0x08000252   0x08000252   0x00000006   Code   RO         5186    .ARM.Collect$$_printf_percent$$00000002  c_w.l(_printf_p.o)
    0x08000258   0x08000258   0x00000006   Code   RO         5191    .ARM.Collect$$_printf_percent$$00000003  c_w.l(_printf_f.o)
    0x0800025e   0x0800025e   0x00000006   Code   RO         5192    .ARM.Collect$$_printf_percent$$00000004  c_w.l(_printf_e.o)
    0x08000264   0x08000264   0x00000006   Code   RO         5193    .ARM.Collect$$_printf_percent$$00000005  c_w.l(_printf_g.o)
    0x0800026a   0x0800026a   0x00000006   Code   RO         5194    .ARM.Collect$$_printf_percent$$00000006  c_w.l(_printf_a.o)
    0x08000270   0x08000270   0x0000000a   Code   RO         5199    .ARM.Collect$$_printf_percent$$00000007  c_w.l(_printf_ll.o)
    0x0800027a   0x0800027a   0x00000006   Code   RO         5188    .ARM.Collect$$_printf_percent$$00000008  c_w.l(_printf_i.o)
    0x08000280   0x08000280   0x00000006   Code   RO         5189    .ARM.Collect$$_printf_percent$$00000009  c_w.l(_printf_d.o)
    0x08000286   0x08000286   0x00000006   Code   RO         5190    .ARM.Collect$$_printf_percent$$0000000A  c_w.l(_printf_u.o)
    0x0800028c   0x0800028c   0x00000006   Code   RO         5187    .ARM.Collect$$_printf_percent$$0000000B  c_w.l(_printf_o.o)
    0x08000292   0x08000292   0x00000006   Code   RO         5185    .ARM.Collect$$_printf_percent$$0000000C  c_w.l(_printf_x.o)
    0x08000298   0x08000298   0x00000006   Code   RO         5196    .ARM.Collect$$_printf_percent$$0000000D  c_w.l(_printf_lli.o)
    0x0800029e   0x0800029e   0x00000006   Code   RO         5197    .ARM.Collect$$_printf_percent$$0000000E  c_w.l(_printf_lld.o)
    0x080002a4   0x080002a4   0x00000006   Code   RO         5198    .ARM.Collect$$_printf_percent$$0000000F  c_w.l(_printf_llu.o)
    0x080002aa   0x080002aa   0x00000006   Code   RO         5203    .ARM.Collect$$_printf_percent$$00000010  c_w.l(_printf_llo.o)
    0x080002b0   0x080002b0   0x00000006   Code   RO         5204    .ARM.Collect$$_printf_percent$$00000011  c_w.l(_printf_llx.o)
    0x080002b6   0x080002b6   0x0000000a   Code   RO         5200    .ARM.Collect$$_printf_percent$$00000012  c_w.l(_printf_l.o)
    0x080002c0   0x080002c0   0x00000006   Code   RO         5182    .ARM.Collect$$_printf_percent$$00000013  c_w.l(_printf_c.o)
    0x080002c6   0x080002c6   0x00000006   Code   RO         5183    .ARM.Collect$$_printf_percent$$00000014  c_w.l(_printf_s.o)
    0x080002cc   0x080002cc   0x00000006   Code   RO         5201    .ARM.Collect$$_printf_percent$$00000015  c_w.l(_printf_lc.o)
    0x080002d2   0x080002d2   0x00000006   Code   RO         5202    .ARM.Collect$$_printf_percent$$00000016  c_w.l(_printf_ls.o)
    0x080002d8   0x080002d8   0x00000004   Code   RO         5250    .ARM.Collect$$_printf_percent$$00000017  c_w.l(_printf_percent_end.o)
    0x080002dc   0x080002dc   0x00000002   Code   RO         5303    .ARM.Collect$$libinit$$00000000  c_w.l(libinit.o)
    0x080002de   0x080002de   0x00000004   Code   RO         5324    .ARM.Collect$$libinit$$00000001  c_w.l(libinit2.o)
    0x080002e2   0x080002e2   0x00000000   Code   RO         5327    .ARM.Collect$$libinit$$00000004  c_w.l(libinit2.o)
    0x080002e2   0x080002e2   0x00000000   Code   RO         5330    .ARM.Collect$$libinit$$0000000A  c_w.l(libinit2.o)
    0x080002e2   0x080002e2   0x00000000   Code   RO         5332    .ARM.Collect$$libinit$$0000000C  c_w.l(libinit2.o)
    0x080002e2   0x080002e2   0x00000000   Code   RO         5334    .ARM.Collect$$libinit$$0000000E  c_w.l(libinit2.o)
    0x080002e2   0x080002e2   0x00000006   Code   RO         5335    .ARM.Collect$$libinit$$0000000F  c_w.l(libinit2.o)
    0x080002e8   0x080002e8   0x00000000   Code   RO         5337    .ARM.Collect$$libinit$$00000011  c_w.l(libinit2.o)
    0x080002e8   0x080002e8   0x0000000c   Code   RO         5338    .ARM.Collect$$libinit$$00000012  c_w.l(libinit2.o)
    0x080002f4   0x080002f4   0x00000000   Code   RO         5339    .ARM.Collect$$libinit$$00000013  c_w.l(libinit2.o)
    0x080002f4   0x080002f4   0x00000000   Code   RO         5341    .ARM.Collect$$libinit$$00000015  c_w.l(libinit2.o)
    0x080002f4   0x080002f4   0x0000000a   Code   RO         5342    .ARM.Collect$$libinit$$00000016  c_w.l(libinit2.o)
    0x080002fe   0x080002fe   0x00000000   Code   RO         5343    .ARM.Collect$$libinit$$00000017  c_w.l(libinit2.o)
    0x080002fe   0x080002fe   0x00000000   Code   RO         5345    .ARM.Collect$$libinit$$00000019  c_w.l(libinit2.o)
    0x080002fe   0x080002fe   0x00000000   Code   RO         5347    .ARM.Collect$$libinit$$0000001B  c_w.l(libinit2.o)
    0x080002fe   0x080002fe   0x00000000   Code   RO         5349    .ARM.Collect$$libinit$$0000001D  c_w.l(libinit2.o)
    0x080002fe   0x080002fe   0x00000000   Code   RO         5351    .ARM.Collect$$libinit$$0000001F  c_w.l(libinit2.o)
    0x080002fe   0x080002fe   0x00000000   Code   RO         5353    .ARM.Collect$$libinit$$00000021  c_w.l(libinit2.o)
    0x080002fe   0x080002fe   0x00000000   Code   RO         5355    .ARM.Collect$$libinit$$00000023  c_w.l(libinit2.o)
    0x080002fe   0x080002fe   0x00000000   Code   RO         5357    .ARM.Collect$$libinit$$00000025  c_w.l(libinit2.o)
    0x080002fe   0x080002fe   0x00000000   Code   RO         5361    .ARM.Collect$$libinit$$0000002C  c_w.l(libinit2.o)
    0x080002fe   0x080002fe   0x00000000   Code   RO         5363    .ARM.Collect$$libinit$$0000002E  c_w.l(libinit2.o)
    0x080002fe   0x080002fe   0x00000000   Code   RO         5365    .ARM.Collect$$libinit$$00000030  c_w.l(libinit2.o)
    0x080002fe   0x080002fe   0x00000000   Code   RO         5367    .ARM.Collect$$libinit$$00000032  c_w.l(libinit2.o)
    0x080002fe   0x080002fe   0x00000002   Code   RO         5368    .ARM.Collect$$libinit$$00000033  c_w.l(libinit2.o)
    0x08000300   0x08000300   0x00000002   Code   RO         5399    .ARM.Collect$$libshutdown$$00000000  c_w.l(libshutdown.o)
    0x08000302   0x08000302   0x00000000   Code   RO         5425    .ARM.Collect$$libshutdown$$00000002  c_w.l(libshutdown2.o)
    0x08000302   0x08000302   0x00000000   Code   RO         5427    .ARM.Collect$$libshutdown$$00000004  c_w.l(libshutdown2.o)
    0x08000302   0x08000302   0x00000000   Code   RO         5430    .ARM.Collect$$libshutdown$$00000007  c_w.l(libshutdown2.o)
    0x08000302   0x08000302   0x00000000   Code   RO         5433    .ARM.Collect$$libshutdown$$0000000A  c_w.l(libshutdown2.o)
    0x08000302   0x08000302   0x00000000   Code   RO         5435    .ARM.Collect$$libshutdown$$0000000C  c_w.l(libshutdown2.o)
    0x08000302   0x08000302   0x00000000   Code   RO         5438    .ARM.Collect$$libshutdown$$0000000F  c_w.l(libshutdown2.o)
    0x08000302   0x08000302   0x00000002   Code   RO         5439    .ARM.Collect$$libshutdown$$00000010  c_w.l(libshutdown2.o)
    0x08000304   0x08000304   0x00000000   Code   RO         5107    .ARM.Collect$$rtentry$$00000000  c_w.l(__rtentry.o)
    0x08000304   0x08000304   0x00000000   Code   RO         5219    .ARM.Collect$$rtentry$$00000002  c_w.l(__rtentry2.o)
    0x08000304   0x08000304   0x00000006   Code   RO         5231    .ARM.Collect$$rtentry$$00000004  c_w.l(__rtentry4.o)
    0x0800030a   0x0800030a   0x00000000   Code   RO         5221    .ARM.Collect$$rtentry$$00000009  c_w.l(__rtentry2.o)
    0x0800030a   0x0800030a   0x00000004   Code   RO         5222    .ARM.Collect$$rtentry$$0000000A  c_w.l(__rtentry2.o)
    0x0800030e   0x0800030e   0x00000000   Code   RO         5224    .ARM.Collect$$rtentry$$0000000C  c_w.l(__rtentry2.o)
    0x0800030e   0x0800030e   0x00000008   Code   RO         5225    .ARM.Collect$$rtentry$$0000000D  c_w.l(__rtentry2.o)
    0x08000316   0x08000316   0x00000002   Code   RO         5311    .ARM.Collect$$rtexit$$00000000  c_w.l(rtexit.o)
    0x08000318   0x08000318   0x00000000   Code   RO         5372    .ARM.Collect$$rtexit$$00000002  c_w.l(rtexit2.o)
    0x08000318   0x08000318   0x00000004   Code   RO         5373    .ARM.Collect$$rtexit$$00000003  c_w.l(rtexit2.o)
    0x0800031c   0x0800031c   0x00000006   Code   RO         5374    .ARM.Collect$$rtexit$$00000004  c_w.l(rtexit2.o)
    0x08000322   0x08000322   0x00000002   PAD
    0x08000324   0x08000324   0x00000040   Code   RO            4    .text               startup_stm32g431xx.o
    0x08000364   0x08000364   0x000000ee   Code   RO         5087    .text               c_w.l(lludivv7m.o)
    0x08000452   0x08000452   0x00000002   PAD
    0x08000454   0x08000454   0x00000024   Code   RO         5089    .text               c_w.l(vsprintf.o)
    0x08000478   0x08000478   0x00000034   Code   RO         5091    .text               c_w.l(vsnprintf.o)
    0x080004ac   0x080004ac   0x0000004e   Code   RO         5093    .text               c_w.l(rt_memclr_w.o)
    0x080004fa   0x080004fa   0x00000006   Code   RO         5095    .text               c_w.l(heapauxi.o)
    0x08000500   0x08000500   0x0000004e   Code   RO         5114    .text               c_w.l(_printf_pad.o)
    0x0800054e   0x0800054e   0x00000024   Code   RO         5116    .text               c_w.l(_printf_truncate.o)
    0x08000572   0x08000572   0x00000052   Code   RO         5118    .text               c_w.l(_printf_str.o)
    0x080005c4   0x080005c4   0x00000078   Code   RO         5120    .text               c_w.l(_printf_dec.o)
    0x0800063c   0x0800063c   0x00000028   Code   RO         5122    .text               c_w.l(_printf_charcount.o)
    0x08000664   0x08000664   0x00000030   Code   RO         5124    .text               c_w.l(_printf_char_common.o)
    0x08000694   0x08000694   0x0000000a   Code   RO         5126    .text               c_w.l(_sputc.o)
    0x0800069e   0x0800069e   0x00000010   Code   RO         5128    .text               c_w.l(_snputc.o)
    0x080006ae   0x080006ae   0x00000002   PAD
    0x080006b0   0x080006b0   0x000000bc   Code   RO         5130    .text               c_w.l(_printf_wctomb.o)
    0x0800076c   0x0800076c   0x0000007c   Code   RO         5133    .text               c_w.l(_printf_longlong_dec.o)
    0x080007e8   0x080007e8   0x00000070   Code   RO         5139    .text               c_w.l(_printf_oct_int_ll.o)
    0x08000858   0x08000858   0x00000094   Code   RO         5159    .text               c_w.l(_printf_hex_int_ll_ptr.o)
    0x080008ec   0x080008ec   0x00000188   Code   RO         5179    .text               c_w.l(__printf_flags_ss_wp.o)
    0x08000a74   0x08000a74   0x0000008a   Code   RO         5235    .text               c_w.l(lludiv10.o)
    0x08000afe   0x08000afe   0x000000b2   Code   RO         5237    .text               c_w.l(_printf_intcommon.o)
    0x08000bb0   0x08000bb0   0x0000041e   Code   RO         5239    .text               c_w.l(_printf_fp_dec.o)
    0x08000fce   0x08000fce   0x00000002   PAD
    0x08000fd0   0x08000fd0   0x000002fc   Code   RO         5241    .text               c_w.l(_printf_fp_hex.o)
    0x080012cc   0x080012cc   0x0000002c   Code   RO         5246    .text               c_w.l(_printf_char.o)
    0x080012f8   0x080012f8   0x0000002c   Code   RO         5248    .text               c_w.l(_printf_wchar.o)
    0x08001324   0x08001324   0x00000040   Code   RO         5251    .text               c_w.l(_wcrtomb.o)
    0x08001364   0x08001364   0x0000004a   Code   RO         5253    .text               c_w.l(sys_stackheap_outer.o)
    0x080013ae   0x080013ae   0x00000002   PAD
    0x080013b0   0x080013b0   0x00000010   Code   RO         5255    .text               c_w.l(rt_ctype_table.o)
    0x080013c0   0x080013c0   0x00000008   Code   RO         5260    .text               c_w.l(rt_locale_intlibspace.o)
    0x080013c8   0x080013c8   0x00000080   Code   RO         5262    .text               c_w.l(_printf_fp_infnan.o)
    0x08001448   0x08001448   0x000000e4   Code   RO         5264    .text               c_w.l(bigflt0.o)
    0x0800152c   0x0800152c   0x00000012   Code   RO         5292    .text               c_w.l(exit.o)
    0x0800153e   0x0800153e   0x00000002   PAD
    0x08001540   0x08001540   0x00000008   Code   RO         5308    .text               c_w.l(libspace.o)
    0x08001548   0x08001548   0x00000080   Code   RO         5322    .text               c_w.l(strcmpv7m.o)
    0x080015c8   0x080015c8   0x0000000c   Code   RO         5369    .text               c_w.l(sys_exit.o)
    0x080015d4   0x080015d4   0x00000002   Code   RO         5388    .text               c_w.l(use_no_semi.o)
    0x080015d6   0x080015d6   0x00000000   Code   RO         5390    .text               c_w.l(indicate_semi.o)
    0x080015d6   0x080015d6   0x0000003e   Code   RO         5267    CL$$btod_d2e        c_w.l(btod.o)
    0x08001614   0x08001614   0x00000046   Code   RO         5269    CL$$btod_d2e_denorm_low  c_w.l(btod.o)
    0x0800165a   0x0800165a   0x00000060   Code   RO         5268    CL$$btod_d2e_norm_op1  c_w.l(btod.o)
    0x080016ba   0x080016ba   0x00000338   Code   RO         5277    CL$$btod_div_common  c_w.l(btod.o)
    0x080019f2   0x080019f2   0x000000dc   Code   RO         5274    CL$$btod_e2e        c_w.l(btod.o)
    0x08001ace   0x08001ace   0x0000002a   Code   RO         5271    CL$$btod_ediv       c_w.l(btod.o)
    0x08001af8   0x08001af8   0x0000002a   Code   RO         5270    CL$$btod_emul       c_w.l(btod.o)
    0x08001b22   0x08001b22   0x00000244   Code   RO         5276    CL$$btod_mult_common  c_w.l(btod.o)
    0x08001d66   0x08001d66   0x00000002   Code   RO          466    i.BusFault_Handler  stm32g4xx_it.o
    0x08001d68   0x08001d68   0x0000000c   Code   RO          467    i.DMA1_Channel1_IRQHandler  stm32g4xx_it.o
    0x08001d74   0x08001d74   0x0000000c   Code   RO          468    i.DMA1_Channel2_IRQHandler  stm32g4xx_it.o
    0x08001d80   0x08001d80   0x00000040   Code   RO         1906    i.DMA_CalcDMAMUXChannelBaseAndMask  stm32g4xx_hal_dma.o
    0x08001dc0   0x08001dc0   0x00000024   Code   RO         1907    i.DMA_CalcDMAMUXRequestGenBaseAndMask  stm32g4xx_hal_dma.o
    0x08001de4   0x08001de4   0x0000003e   Code   RO         1908    i.DMA_SetConfig     stm32g4xx_hal_dma.o
    0x08001e22   0x08001e22   0x00000002   Code   RO          469    i.DebugMon_Handler  stm32g4xx_it.o
    0x08001e24   0x08001e24   0x0000001c   Code   RO         4852    i.Delay_LCD         lcd.o
    0x08001e40   0x08001e40   0x00000004   Code   RO           13    i.Error_Handler     main.o
    0x08001e44   0x08001e44   0x00000424   Code   RO          615    i.HAL_ADC_ConfigChannel  stm32g4xx_hal_adc.o
    0x08002268   0x08002268   0x000001f4   Code   RO          624    i.HAL_ADC_Init      stm32g4xx_hal_adc.o
    0x0800245c   0x0800245c   0x00000078   Code   RO          239    i.HAL_ADC_MspInit   adc.o
    0x080024d4   0x080024d4   0x0000006a   Code   RO         1909    i.HAL_DMA_Abort     stm32g4xx_hal_dma.o
    0x0800253e   0x0800253e   0x00000078   Code   RO         1910    i.HAL_DMA_Abort_IT  stm32g4xx_hal_dma.o
    0x080025b6   0x080025b6   0x000000ba   Code   RO         1914    i.HAL_DMA_IRQHandler  stm32g4xx_hal_dma.o
    0x08002670   0x08002670   0x000000c0   Code   RO         1915    i.HAL_DMA_Init      stm32g4xx_hal_dma.o
    0x08002730   0x08002730   0x0000008c   Code   RO         1919    i.HAL_DMA_Start_IT  stm32g4xx_hal_dma.o
    0x080027bc   0x080027bc   0x00000024   Code   RO         1062    i.HAL_Delay         stm32g4xx_hal.o
    0x080027e0   0x080027e0   0x00000248   Code   RO         1771    i.HAL_GPIO_Init     stm32g4xx_hal_gpio.o
    0x08002a28   0x08002a28   0x0000000a   Code   RO         1773    i.HAL_GPIO_ReadPin  stm32g4xx_hal_gpio.o
    0x08002a32   0x08002a32   0x0000000a   Code   RO         1775    i.HAL_GPIO_WritePin  stm32g4xx_hal_gpio.o
    0x08002a3c   0x08002a3c   0x0000000c   Code   RO         1066    i.HAL_GetTick       stm32g4xx_hal.o
    0x08002a48   0x08002a48   0x00000010   Code   RO         1072    i.HAL_IncTick       stm32g4xx_hal.o
    0x08002a58   0x08002a58   0x0000001e   Code   RO         1073    i.HAL_Init          stm32g4xx_hal.o
    0x08002a76   0x08002a76   0x00000002   PAD
    0x08002a78   0x08002a78   0x00000044   Code   RO         1074    i.HAL_InitTick      stm32g4xx_hal.o
    0x08002abc   0x08002abc   0x00000030   Code   RO          584    i.HAL_MspInit       stm32g4xx_hal_msp.o
    0x08002aec   0x08002aec   0x0000001a   Code   RO         2420    i.HAL_NVIC_EnableIRQ  stm32g4xx_hal_cortex.o
    0x08002b06   0x08002b06   0x00000002   PAD
    0x08002b08   0x08002b08   0x00000040   Code   RO         2426    i.HAL_NVIC_SetPriority  stm32g4xx_hal_cortex.o
    0x08002b48   0x08002b48   0x00000024   Code   RO         2427    i.HAL_NVIC_SetPriorityGrouping  stm32g4xx_hal_cortex.o
    0x08002b6c   0x08002b6c   0x000000bc   Code   RO         2174    i.HAL_PWREx_ControlVoltageScaling  stm32g4xx_hal_pwr_ex.o
    0x08002c28   0x08002c28   0x00000010   Code   RO         2186    i.HAL_PWREx_DisableUCPDDeadBattery  stm32g4xx_hal_pwr_ex.o
    0x08002c38   0x08002c38   0x00000288   Code   RO         1433    i.HAL_RCCEx_PeriphCLKConfig  stm32g4xx_hal_rcc_ex.o
    0x08002ec0   0x08002ec0   0x000001dc   Code   RO         1308    i.HAL_RCC_ClockConfig  stm32g4xx_hal_rcc.o
    0x0800309c   0x0800309c   0x00000024   Code   RO         1316    i.HAL_RCC_GetPCLK1Freq  stm32g4xx_hal_rcc.o
    0x080030c0   0x080030c0   0x00000024   Code   RO         1317    i.HAL_RCC_GetPCLK2Freq  stm32g4xx_hal_rcc.o
    0x080030e4   0x080030e4   0x00000070   Code   RO         1318    i.HAL_RCC_GetSysClockFreq  stm32g4xx_hal_rcc.o
    0x08003154   0x08003154   0x00000404   Code   RO         1321    i.HAL_RCC_OscConfig  stm32g4xx_hal_rcc.o
    0x08003558   0x08003558   0x00000044   Code   RO         2570    i.HAL_RTC_GetDate   stm32g4xx_hal_rtc.o
    0x0800359c   0x0800359c   0x00000054   Code   RO         2572    i.HAL_RTC_GetTime   stm32g4xx_hal_rtc.o
    0x080035f0   0x080035f0   0x0000009c   Code   RO         2573    i.HAL_RTC_Init      stm32g4xx_hal_rtc.o
    0x0800368c   0x0800368c   0x00000058   Code   RO          305    i.HAL_RTC_MspInit   rtc.o
    0x080036e4   0x080036e4   0x000000a0   Code   RO         2579    i.HAL_RTC_SetDate   stm32g4xx_hal_rtc.o
    0x08003784   0x08003784   0x000000cc   Code   RO         2580    i.HAL_RTC_SetTime   stm32g4xx_hal_rtc.o
    0x08003850   0x08003850   0x00000038   Code   RO         2581    i.HAL_RTC_WaitForSynchro  stm32g4xx_hal_rtc.o
    0x08003888   0x08003888   0x00000028   Code   RO         2431    i.HAL_SYSTICK_Config  stm32g4xx_hal_cortex.o
    0x080038b0   0x080038b0   0x00000002   Code   RO         3730    i.HAL_TIMEx_Break2Callback  stm32g4xx_hal_tim_ex.o
    0x080038b2   0x080038b2   0x00000002   Code   RO         3731    i.HAL_TIMEx_BreakCallback  stm32g4xx_hal_tim_ex.o
    0x080038b4   0x080038b4   0x00000002   Code   RO         3732    i.HAL_TIMEx_CommutCallback  stm32g4xx_hal_tim_ex.o
    0x080038b6   0x080038b6   0x00000002   Code   RO         3743    i.HAL_TIMEx_DirectionChangeCallback  stm32g4xx_hal_tim_ex.o
    0x080038b8   0x080038b8   0x00000002   Code   RO         3757    i.HAL_TIMEx_EncoderIndexCallback  stm32g4xx_hal_tim_ex.o
    0x080038ba   0x080038ba   0x00000002   Code   RO         3771    i.HAL_TIMEx_IndexErrorCallback  stm32g4xx_hal_tim_ex.o
    0x080038bc   0x080038bc   0x0000009c   Code   RO         3772    i.HAL_TIMEx_MasterConfigSynchronization  stm32g4xx_hal_tim_ex.o
    0x08003958   0x08003958   0x00000002   Code   RO         3793    i.HAL_TIMEx_TransitionErrorCallback  stm32g4xx_hal_tim_ex.o
    0x0800395a   0x0800395a   0x00000062   Code   RO         3016    i.HAL_TIM_Base_Init  stm32g4xx_hal_tim.o
    0x080039bc   0x080039bc   0x00000088   Code   RO          347    i.HAL_TIM_Base_MspInit  tim.o
    0x08003a44   0x08003a44   0x00000100   Code   RO         3025    i.HAL_TIM_ConfigClockSource  stm32g4xx_hal_tim.o
    0x08003b44   0x08003b44   0x00000026   Code   RO         3047    i.HAL_TIM_GenerateEvent  stm32g4xx_hal_tim.o
    0x08003b6a   0x08003b6a   0x00000002   PAD
    0x08003b6c   0x08003b6c   0x00000048   Code   RO         4735    i.HAL_TIM_IC_CaptureCallback  fun.o
    0x08003bb4   0x08003bb4   0x00000124   Code   RO         3052    i.HAL_TIM_IC_ConfigChannel  stm32g4xx_hal_tim.o
    0x08003cd8   0x08003cd8   0x00000062   Code   RO         3055    i.HAL_TIM_IC_Init   stm32g4xx_hal_tim.o
    0x08003d3a   0x08003d3a   0x00000002   PAD
    0x08003d3c   0x08003d3c   0x00000094   Code   RO          349    i.HAL_TIM_IC_MspInit  tim.o
    0x08003dd0   0x08003dd0   0x00000104   Code   RO         3058    i.HAL_TIM_IC_Start  stm32g4xx_hal_tim.o
    0x08003ed4   0x08003ed4   0x0000012c   Code   RO         3060    i.HAL_TIM_IC_Start_IT  stm32g4xx_hal_tim.o
    0x08004000   0x08004000   0x000001a2   Code   RO         3064    i.HAL_TIM_IRQHandler  stm32g4xx_hal_tim.o
    0x080041a2   0x080041a2   0x00000002   PAD
    0x080041a4   0x080041a4   0x0000004c   Code   RO          350    i.HAL_TIM_MspPostInit  tim.o
    0x080041f0   0x080041f0   0x00000002   Code   RO         3067    i.HAL_TIM_OC_DelayElapsedCallback  stm32g4xx_hal_tim.o
    0x080041f2   0x080041f2   0x00000124   Code   RO         3088    i.HAL_TIM_PWM_ConfigChannel  stm32g4xx_hal_tim.o
    0x08004316   0x08004316   0x00000062   Code   RO         3091    i.HAL_TIM_PWM_Init  stm32g4xx_hal_tim.o
    0x08004378   0x08004378   0x00000002   Code   RO         3093    i.HAL_TIM_PWM_MspInit  stm32g4xx_hal_tim.o
    0x0800437a   0x0800437a   0x00000002   Code   RO         3094    i.HAL_TIM_PWM_PulseFinishedCallback  stm32g4xx_hal_tim.o
    0x0800437c   0x0800437c   0x00000128   Code   RO         3098    i.HAL_TIM_PWM_Start_IT  stm32g4xx_hal_tim.o
    0x080044a4   0x080044a4   0x00000002   Code   RO         3102    i.HAL_TIM_PeriodElapsedCallback  stm32g4xx_hal_tim.o
    0x080044a6   0x080044a6   0x0000002a   Code   RO         3104    i.HAL_TIM_ReadCapturedValue  stm32g4xx_hal_tim.o
    0x080044d0   0x080044d0   0x00000002   Code   RO         3107    i.HAL_TIM_TriggerCallback  stm32g4xx_hal_tim.o
    0x080044d2   0x080044d2   0x0000003e   Code   RO         4579    i.HAL_UARTEx_DisableFifoMode  stm32g4xx_hal_uart_ex.o
    0x08004510   0x08004510   0x00000002   Code   RO         4168    i.HAL_UARTEx_RxEventCallback  stm32g4xx_hal_uart.o
    0x08004512   0x08004512   0x00000002   Code   RO         4587    i.HAL_UARTEx_RxFifoFullCallback  stm32g4xx_hal_uart_ex.o
    0x08004514   0x08004514   0x0000004c   Code   RO         4588    i.HAL_UARTEx_SetRxFifoThreshold  stm32g4xx_hal_uart_ex.o
    0x08004560   0x08004560   0x0000004c   Code   RO         4589    i.HAL_UARTEx_SetTxFifoThreshold  stm32g4xx_hal_uart_ex.o
    0x080045ac   0x080045ac   0x00000002   Code   RO         4591    i.HAL_UARTEx_TxFifoEmptyCallback  stm32g4xx_hal_uart_ex.o
    0x080045ae   0x080045ae   0x00000002   Code   RO         4592    i.HAL_UARTEx_WakeupCallback  stm32g4xx_hal_uart_ex.o
    0x080045b0   0x080045b0   0x00000002   Code   RO         4184    i.HAL_UART_ErrorCallback  stm32g4xx_hal_uart.o
    0x080045b2   0x080045b2   0x00000002   PAD
    0x080045b4   0x080045b4   0x0000031c   Code   RO         4187    i.HAL_UART_IRQHandler  stm32g4xx_hal_uart.o
    0x080048d0   0x080048d0   0x0000006a   Code   RO         4188    i.HAL_UART_Init     stm32g4xx_hal_uart.o
    0x0800493a   0x0800493a   0x00000002   PAD
    0x0800493c   0x0800493c   0x000000f0   Code   RO          425    i.HAL_UART_MspInit  usart.o
    0x08004a2c   0x08004a2c   0x00000090   Code   RO         4198    i.HAL_UART_Transmit_DMA  stm32g4xx_hal_uart.o
    0x08004abc   0x08004abc   0x00000002   Code   RO         4200    i.HAL_UART_TxCpltCallback  stm32g4xx_hal_uart.o
    0x08004abe   0x08004abe   0x00000002   Code   RO         4201    i.HAL_UART_TxHalfCpltCallback  stm32g4xx_hal_uart.o
    0x08004ac0   0x08004ac0   0x00000002   Code   RO          470    i.HardFault_Handler  stm32g4xx_it.o
    0x08004ac2   0x08004ac2   0x00000002   PAD
    0x08004ac4   0x08004ac4   0x00000114   Code   RO         4737    i.Key_Proc          fun.o
    0x08004bd8   0x08004bd8   0x00000060   Code   RO         4738    i.Key_scan          fun.o
    0x08004c38   0x08004c38   0x0000002c   Code   RO         4853    i.LCD_BusIn         lcd.o
    0x08004c64   0x08004c64   0x00000030   Code   RO         4854    i.LCD_BusOut        lcd.o
    0x08004c94   0x08004c94   0x00000024   Code   RO         4855    i.LCD_Clear         lcd.o
    0x08004cb8   0x08004cb8   0x00000090   Code   RO         4857    i.LCD_CtrlLinesConfig  lcd.o
    0x08004d48   0x08004d48   0x00000022   Code   RO         4739    i.LCD_Disp          fun.o
    0x08004d6a   0x08004d6a   0x00000002   PAD
    0x08004d6c   0x08004d6c   0x00000018   Code   RO         4858    i.LCD_DisplayChar   lcd.o
    0x08004d84   0x08004d84   0x0000002a   Code   RO         4861    i.LCD_DisplayStringLine  lcd.o
    0x08004dae   0x08004dae   0x00000002   PAD
    0x08004db0   0x08004db0   0x00000058   Code   RO         4862    i.LCD_DrawChar      lcd.o
    0x08004e08   0x08004e08   0x00000034   Code   RO         4868    i.LCD_Init          lcd.o
    0x08004e3c   0x08004e3c   0x00000068   Code   RO         4740    i.LCD_Proc          fun.o
    0x08004ea4   0x08004ea4   0x00000080   Code   RO         4871    i.LCD_ReadReg       lcd.o
    0x08004f24   0x08004f24   0x00000010   Code   RO         4872    i.LCD_SetBackColor  lcd.o
    0x08004f34   0x08004f34   0x00000018   Code   RO         4873    i.LCD_SetCursor     lcd.o
    0x08004f4c   0x08004f4c   0x00000010   Code   RO         4875    i.LCD_SetTextColor  lcd.o
    0x08004f5c   0x08004f5c   0x00000060   Code   RO         4878    i.LCD_WriteRAM      lcd.o
    0x08004fbc   0x08004fbc   0x00000060   Code   RO         4879    i.LCD_WriteRAM_Prepare  lcd.o
    0x0800501c   0x0800501c   0x00000070   Code   RO         4880    i.LCD_WriteReg      lcd.o
    0x0800508c   0x0800508c   0x00000002   Code   RO         4741    i.LED_Proc          fun.o
    0x0800508e   0x0800508e   0x00000002   PAD
    0x08005090   0x08005090   0x00000044   Code   RO         5058    i.LED_Show          led.o
    0x080050d4   0x080050d4   0x0000000c   Code   RO          638    i.LL_ADC_GetOffsetChannel  stm32g4xx_hal_adc.o
    0x080050e0   0x080050e0   0x00000008   Code   RO          639    i.LL_ADC_INJ_IsConversionOngoing  stm32g4xx_hal_adc.o
    0x080050e8   0x080050e8   0x00000008   Code   RO          640    i.LL_ADC_REG_IsConversionOngoing  stm32g4xx_hal_adc.o
    0x080050f0   0x080050f0   0x0000001e   Code   RO          643    i.LL_ADC_SetChannelSamplingTime  stm32g4xx_hal_adc.o
    0x0800510e   0x0800510e   0x00000010   Code   RO          644    i.LL_ADC_SetOffsetState  stm32g4xx_hal_adc.o
    0x0800511e   0x0800511e   0x00000016   Code   RO         5059    i.Led_Init          led.o
    0x08005134   0x08005134   0x0000007c   Code   RO          240    i.MX_ADC2_Init      adc.o
    0x080051b0   0x080051b0   0x0000004c   Code   RO          280    i.MX_DMA_Init       dma.o
    0x080051fc   0x080051fc   0x000000d4   Code   RO          214    i.MX_GPIO_Init      gpio.o
    0x080052d0   0x080052d0   0x00000098   Code   RO          306    i.MX_RTC_Init       rtc.o
    0x08005368   0x08005368   0x00000038   Code   RO          351    i.MX_TIM17_Init     tim.o
    0x080053a0   0x080053a0   0x0000009c   Code   RO          352    i.MX_TIM2_Init      tim.o
    0x0800543c   0x0800543c   0x00000070   Code   RO          353    i.MX_TIM3_Init      tim.o
    0x080054ac   0x080054ac   0x00000048   Code   RO          354    i.MX_TIM7_Init      tim.o
    0x080054f4   0x080054f4   0x00000068   Code   RO          426    i.MX_USART1_UART_Init  usart.o
    0x0800555c   0x0800555c   0x00000002   Code   RO          471    i.MemManage_Handler  stm32g4xx_it.o
    0x0800555e   0x0800555e   0x00000002   PAD
    0x08005560   0x08005560   0x0000004c   Code   RO         4742    i.MyRTC_ReadTime    fun.o
    0x080055ac   0x080055ac   0x00000050   Code   RO         4743    i.My_RTC_SetTime    fun.o
    0x080055fc   0x080055fc   0x00000002   Code   RO          472    i.NMI_Handler       stm32g4xx_it.o
    0x080055fe   0x080055fe   0x00000002   Code   RO          473    i.PendSV_Handler    stm32g4xx_it.o
    0x08005600   0x08005600   0x00000112   Code   RO         4881    i.REG_8230_Init     lcd.o
    0x08005712   0x08005712   0x00000202   Code   RO         4882    i.REG_932X_Init     lcd.o
    0x08005914   0x08005914   0x00000012   Code   RO         2582    i.RTC_Bcd2ToByte    stm32g4xx_hal_rtc.o
    0x08005926   0x08005926   0x00000018   Code   RO         2583    i.RTC_ByteToBcd2    stm32g4xx_hal_rtc.o
    0x0800593e   0x0800593e   0x00000002   PAD
    0x08005940   0x08005940   0x0000004a   Code   RO         2584    i.RTC_EnterInitMode  stm32g4xx_hal_rtc.o
    0x0800598a   0x0800598a   0x00000050   Code   RO         2585    i.RTC_ExitInitMode  stm32g4xx_hal_rtc.o
    0x080059da   0x080059da   0x00000002   Code   RO          474    i.SVC_Handler       stm32g4xx_it.o
    0x080059dc   0x080059dc   0x0000005c   Code   RO         4744    i.Set_PWM_Duty      fun.o
    0x08005a38   0x08005a38   0x00000024   Code   RO         4745    i.Set_PWM_Frequency  fun.o
    0x08005a5c   0x08005a5c   0x00000004   Code   RO          475    i.SysTick_Handler   stm32g4xx_it.o
    0x08005a60   0x08005a60   0x00000066   Code   RO           14    i.SystemClock_Config  main.o
    0x08005ac6   0x08005ac6   0x00000002   PAD
    0x08005ac8   0x08005ac8   0x00000010   Code   RO         4698    i.SystemInit        system_stm32g4xx.o
    0x08005ad8   0x08005ad8   0x0000000c   Code   RO          476    i.TIM1_TRG_COM_TIM17_IRQHandler  stm32g4xx_it.o
    0x08005ae4   0x08005ae4   0x0000000c   Code   RO          477    i.TIM2_IRQHandler   stm32g4xx_it.o
    0x08005af0   0x08005af0   0x0000000c   Code   RO          478    i.TIM3_IRQHandler   stm32g4xx_it.o
    0x08005afc   0x08005afc   0x0000000c   Code   RO          479    i.TIM7_IRQHandler   stm32g4xx_it.o
    0x08005b08   0x08005b08   0x000000bc   Code   RO         3109    i.TIM_Base_SetConfig  stm32g4xx_hal_tim.o
    0x08005bc4   0x08005bc4   0x0000001a   Code   RO         3110    i.TIM_CCxChannelCmd  stm32g4xx_hal_tim.o
    0x08005bde   0x08005bde   0x00000014   Code   RO         3120    i.TIM_ETR_SetConfig  stm32g4xx_hal_tim.o
    0x08005bf2   0x08005bf2   0x00000002   PAD
    0x08005bf4   0x08005bf4   0x00000014   Code   RO         3121    i.TIM_ITRx_SetConfig  stm32g4xx_hal_tim.o
    0x08005c08   0x08005c08   0x0000009c   Code   RO         3122    i.TIM_OC1_SetConfig  stm32g4xx_hal_tim.o
    0x08005ca4   0x08005ca4   0x00000090   Code   RO         3123    i.TIM_OC2_SetConfig  stm32g4xx_hal_tim.o
    0x08005d34   0x08005d34   0x00000090   Code   RO         3124    i.TIM_OC3_SetConfig  stm32g4xx_hal_tim.o
    0x08005dc4   0x08005dc4   0x00000090   Code   RO         3125    i.TIM_OC4_SetConfig  stm32g4xx_hal_tim.o
    0x08005e54   0x08005e54   0x00000070   Code   RO         3126    i.TIM_OC5_SetConfig  stm32g4xx_hal_tim.o
    0x08005ec4   0x08005ec4   0x00000070   Code   RO         3127    i.TIM_OC6_SetConfig  stm32g4xx_hal_tim.o
    0x08005f34   0x08005f34   0x00000022   Code   RO         3129    i.TIM_TI1_ConfigInputStage  stm32g4xx_hal_tim.o
    0x08005f56   0x08005f56   0x00000002   PAD
    0x08005f58   0x08005f58   0x0000006c   Code   RO         3130    i.TIM_TI1_SetConfig  stm32g4xx_hal_tim.o
    0x08005fc4   0x08005fc4   0x00000024   Code   RO         3131    i.TIM_TI2_ConfigInputStage  stm32g4xx_hal_tim.o
    0x08005fe8   0x08005fe8   0x00000036   Code   RO         3132    i.TIM_TI2_SetConfig  stm32g4xx_hal_tim.o
    0x0800601e   0x0800601e   0x00000002   PAD
    0x08006020   0x08006020   0x00000044   Code   RO         4593    i.UARTEx_SetNbDataToProcess  stm32g4xx_hal_uart_ex.o
    0x08006064   0x08006064   0x000000c8   Code   RO         4202    i.UART_AdvFeatureConfig  stm32g4xx_hal_uart.o
    0x0800612c   0x0800612c   0x000000ac   Code   RO         4203    i.UART_CheckIdleState  stm32g4xx_hal_uart.o
    0x080061d8   0x080061d8   0x00000010   Code   RO         4204    i.UART_DMAAbortOnError  stm32g4xx_hal_uart.o
    0x080061e8   0x080061e8   0x00000050   Code   RO         4205    i.UART_DMAError     stm32g4xx_hal_uart.o
    0x08006238   0x08006238   0x00000042   Code   RO         4210    i.UART_DMATransmitCplt  stm32g4xx_hal_uart.o
    0x0800627a   0x0800627a   0x0000000a   Code   RO         4212    i.UART_DMATxHalfCplt  stm32g4xx_hal_uart.o
    0x08006284   0x08006284   0x00000054   Code   RO         4214    i.UART_EndRxTransfer  stm32g4xx_hal_uart.o
    0x080062d8   0x080062d8   0x0000002e   Code   RO         4215    i.UART_EndTxTransfer  stm32g4xx_hal_uart.o
    0x08006306   0x08006306   0x00000002   PAD
    0x08006308   0x08006308   0x00000274   Code   RO         4220    i.UART_SetConfig    stm32g4xx_hal_uart.o
    0x0800657c   0x0800657c   0x00000094   Code   RO         4227    i.UART_WaitOnFlagUntilTimeout  stm32g4xx_hal_uart.o
    0x08006610   0x08006610   0x0000000c   Code   RO          480    i.USART1_IRQHandler  stm32g4xx_it.o
    0x0800661c   0x0800661c   0x00000002   Code   RO          481    i.UsageFault_Handler  stm32g4xx_it.o
    0x0800661e   0x0800661e   0x00000002   PAD
    0x08006620   0x08006620   0x00000028   Code   RO         4746    i.Usart1Printf      fun.o
    0x08006648   0x08006648   0x00000030   Code   RO         5306    i.__ARM_fpclassify  m_wm.l(fpclassify.o)
    0x08006678   0x08006678   0x00000020   Code   RO         2433    i.__NVIC_SetPriority  stm32g4xx_hal_cortex.o
    0x08006698   0x08006698   0x0000000e   Code   RO         5172    i._is_digit         c_w.l(__printf_wp.o)
    0x080066a6   0x080066a6   0x00000002   PAD
    0x080066a8   0x080066a8   0x00000020   Code   RO         4747    i.alarm_clock       fun.o
    0x080066c8   0x080066c8   0x0000008c   Code   RO           15    i.main              main.o
    0x08006754   0x08006754   0x0000002c   Code   RO         5290    locale$$code        c_w.l(lc_numeric_c.o)
    0x08006780   0x08006780   0x0000002c   Code   RO         5316    locale$$code        c_w.l(lc_ctype_c.o)
    0x080067ac   0x080067ac   0x0000000a   Code   RO         5384    x$fpl$fpinit        fz_wm.l(fpinit.o)
    0x080067b6   0x080067b6   0x00000004   Code   RO         5209    x$fpl$printf1       fz_wm.l(printf1.o)
    0x080067ba   0x080067ba   0x00000004   Code   RO         5211    x$fpl$printf2       fz_wm.l(printf2.o)
    0x080067be   0x080067be   0x00000000   Code   RO         5217    x$fpl$usenofp       fz_wm.l(usenofp.o)
    0x080067be   0x080067be   0x00000018   Data   RO         4228    .constdata          stm32g4xx_hal_uart.o
    0x080067d6   0x080067d6   0x00000010   Data   RO         4594    .constdata          stm32g4xx_hal_uart_ex.o
    0x080067e6   0x080067e6   0x00000010   Data   RO         4699    .constdata          system_stm32g4xx.o
    0x080067f6   0x080067f6   0x00000008   Data   RO         4700    .constdata          system_stm32g4xx.o
    0x080067fe   0x080067fe   0x000011d0   Data   RO         4883    .constdata          lcd.o
    0x080079ce   0x080079ce   0x00000002   PAD
    0x080079d0   0x080079d0   0x00000008   Data   RO         5131    .constdata          c_w.l(_printf_wctomb.o)
    0x080079d8   0x080079d8   0x00000028   Data   RO         5160    .constdata          c_w.l(_printf_hex_int_ll_ptr.o)
    0x08007a00   0x08007a00   0x00000011   Data   RO         5180    .constdata          c_w.l(__printf_flags_ss_wp.o)
    0x08007a11   0x08007a11   0x00000026   Data   RO         5242    .constdata          c_w.l(_printf_fp_hex.o)
    0x08007a37   0x08007a37   0x00000001   PAD
    0x08007a38   0x08007a38   0x00000094   Data   RO         5265    .constdata          c_w.l(bigflt0.o)
    0x08007acc   0x08007acc   0x00000020   Data   RO         5440    Region$$Table       anon$$obj.o
    0x08007aec   0x08007aec   0x0000001c   Data   RO         5289    locale$$data        c_w.l(lc_numeric_c.o)
    0x08007b08   0x08007b08   0x00000110   Data   RO         5315    locale$$data        c_w.l(lc_ctype_c.o)


    Execution Region RW_IRAM1 (Exec base: 0x20000000, Load base: 0x08007c18, Size: 0x00000a30, Max: 0x00008000, ABSOLUTE)

    Exec Addr    Load Addr    Size         Type   Attr      Idx    E Section Name        Object

    0x20000000   0x08007c18   0x0000000c   Data   RW         1093    .data               stm32g4xx_hal.o
    0x2000000c   0x08007c24   0x00000004   Data   RW         4701    .data               system_stm32g4xx.o
    0x20000010   0x08007c28   0x00000028   Data   RW         4751    .data               fun.o
    0x20000038   0x08007c50   0x00000006   Data   RW         4884    .data               lcd.o
    0x2000003e   0x08007c56   0x00000002   PAD
    0x20000040        -       0x0000006c   Zero   RW          241    .bss                adc.o
    0x200000ac        -       0x00000028   Zero   RW          307    .bss                rtc.o
    0x200000d4        -       0x00000130   Zero   RW          355    .bss                tim.o
    0x20000204        -       0x00000154   Zero   RW          427    .bss                usart.o
    0x20000358        -       0x00000074   Zero   RW         4749    .bss                fun.o
    0x200003cc        -       0x00000060   Zero   RW         5309    .bss                c_w.l(libspace.o)
    0x2000042c   0x08007c56   0x00000004   PAD
    0x20000430        -       0x00000200   Zero   RW            2    HEAP                startup_stm32g431xx.o
    0x20000630        -       0x00000400   Zero   RW            1    STACK               startup_stm32g431xx.o


==============================================================================

Image component sizes


      Code (inc. data)   RO Data    RW Data    ZI Data      Debug   Object Name

       244         28          0          0        108       1733   adc.o
        76          4          0          0          0        798   dma.o
       940        158          0         40        116       8524   fun.o
       212         18          0          0          0        999   gpio.o
      1782         76       4560          6          0      11278   lcd.o
        90         10          0          0          0       1094   led.o
       246         10          0          0          0     677597   main.o
       240         18          0          0         40       1699   rtc.o
        64         26        472          0       1536        832   startup_stm32g431xx.o
       162         24          0         12          0       4249   stm32g4xx_hal.o
      1634         88          0          0          0      73327   stm32g4xx_hal_adc.o
       198         14          0          0          0      33775   stm32g4xx_hal_cortex.o
       906         30          0          0          0       6474   stm32g4xx_hal_dma.o
       604         34          0          0          0       2963   stm32g4xx_hal_gpio.o
        48          6          0          0          0        846   stm32g4xx_hal_msp.o
       204         18          0          0          0       1385   stm32g4xx_hal_pwr_ex.o
      1688         92          0          0          0       6216   stm32g4xx_hal_rcc.o
       648         10          0          0          0       1864   stm32g4xx_hal_rcc_ex.o
       924         32          0          0          0       8125   stm32g4xx_hal_rtc.o
      3796        304          0          0          0      25182   stm32g4xx_hal_tim.o
       170         24          0          0          0       5340   stm32g4xx_hal_tim_ex.o
      2504         98         24          0          0      33182   stm32g4xx_hal_uart.o
       288          6         16          0          0       5294   stm32g4xx_hal_uart_ex.o
       104         42          0          0          0       7322   stm32g4xx_it.o
        16          4         24          4          0       1099   system_stm32g4xx.o
       756         66          0          0        304       4986   tim.o
       344         26          0          0        340       1948   usart.o

    ----------------------------------------------------------------------
     18926       1266       5130         64       2444     928131   Object Totals
         0          0         32          0          0          0   (incl. Generated)
        38          0          2          2          0          0   (incl. Padding)

    ----------------------------------------------------------------------

      Code (inc. data)   RO Data    RW Data    ZI Data      Debug   Library Member Name

         8          0          0          0          0         68   __main.o
       392          4         17          0          0         92   __printf_flags_ss_wp.o
        14          0          0          0          0         68   __printf_wp.o
         0          0          0          0          0          0   __rtentry.o
        12          0          0          0          0          0   __rtentry2.o
         6          0          0          0          0          0   __rtentry4.o
        52          8          0          0          0          0   __scatter.o
        26          0          0          0          0          0   __scatter_copy.o
        28          0          0          0          0          0   __scatter_zi.o
         6          0          0          0          0          0   _printf_a.o
         6          0          0          0          0          0   _printf_c.o
        44          0          0          0          0        108   _printf_char.o
        48          6          0          0          0         96   _printf_char_common.o
        40          0          0          0          0         68   _printf_charcount.o
         6          0          0          0          0          0   _printf_d.o
       120         16          0          0          0         92   _printf_dec.o
         6          0          0          0          0          0   _printf_e.o
         6          0          0          0          0          0   _printf_f.o
      1054          0          0          0          0        216   _printf_fp_dec.o
       764          8         38          0          0        100   _printf_fp_hex.o
       128         16          0          0          0         84   _printf_fp_infnan.o
         6          0          0          0          0          0   _printf_g.o
       148          4         40          0          0        160   _printf_hex_int_ll_ptr.o
         6          0          0          0          0          0   _printf_i.o
       178          0          0          0          0         88   _printf_intcommon.o
        10          0          0          0          0          0   _printf_l.o
         6          0          0          0          0          0   _printf_lc.o
        10          0          0          0          0          0   _printf_ll.o
         6          0          0          0          0          0   _printf_lld.o
         6          0          0          0          0          0   _printf_lli.o
         6          0          0          0          0          0   _printf_llo.o
         6          0          0          0          0          0   _printf_llu.o
         6          0          0          0          0          0   _printf_llx.o
       124         16          0          0          0         92   _printf_longlong_dec.o
         6          0          0          0          0          0   _printf_ls.o
         6          0          0          0          0          0   _printf_n.o
         6          0          0          0          0          0   _printf_o.o
       112         10          0          0          0        124   _printf_oct_int_ll.o
         6          0          0          0          0          0   _printf_p.o
        78          0          0          0          0        108   _printf_pad.o
         0          0          0          0          0          0   _printf_percent.o
         4          0          0          0          0          0   _printf_percent_end.o
         6          0          0          0          0          0   _printf_s.o
        82          0          0          0          0         80   _printf_str.o
        36          0          0          0          0         84   _printf_truncate.o
         6          0          0          0          0          0   _printf_u.o
        44          0          0          0          0        108   _printf_wchar.o
       188          6          8          0          0         92   _printf_wctomb.o
         6          0          0          0          0          0   _printf_x.o
        16          0          0          0          0         68   _snputc.o
        10          0          0          0          0         68   _sputc.o
        64          0          0          0          0         92   _wcrtomb.o
       228          4        148          0          0         96   bigflt0.o
      1936        128          0          0          0        672   btod.o
        18          0          0          0          0         80   exit.o
         6          0          0          0          0        152   heapauxi.o
         0          0          0          0          0          0   indicate_semi.o
        44         10        272          0          0         76   lc_ctype_c.o
        44         10         28          0          0         76   lc_numeric_c.o
         2          0          0          0          0          0   libinit.o
        34          0          0          0          0          0   libinit2.o
         2          0          0          0          0          0   libshutdown.o
         2          0          0          0          0          0   libshutdown2.o
         8          4          0          0         96         68   libspace.o
       138          0          0          0          0         80   lludiv10.o
       238          0          0          0          0        100   lludivv7m.o
        16          4          0          0          0         76   rt_ctype_table.o
         8          4          0          0          0         68   rt_locale_intlibspace.o
        78          0          0          0          0         80   rt_memclr_w.o
         2          0          0          0          0          0   rtexit.o
        10          0          0          0          0          0   rtexit2.o
       128          0          0          0          0         68   strcmpv7m.o
        12          4          0          0          0         68   sys_exit.o
        74          0          0          0          0         80   sys_stackheap_outer.o
         2          0          0          0          0         68   use_no_semi.o
        52          4          0          0          0         80   vsnprintf.o
        36          4          0          0          0         76   vsprintf.o
        10          0          0          0          0        116   fpinit.o
         4          0          0          0          0        116   printf1.o
         4          0          0          0          0        116   printf2.o
         0          0          0          0          0          0   usenofp.o
        48          0          0          0          0        124   fpclassify.o

    ----------------------------------------------------------------------
      7160        270        552          0        100       4692   Library Totals
        16          0          1          0          4          0   (incl. Padding)

    ----------------------------------------------------------------------

      Code (inc. data)   RO Data    RW Data    ZI Data      Debug   Library Name

      7078        270        551          0         96       4220   c_w.l
        18          0          0          0          0        348   fz_wm.l
        48          0          0          0          0        124   m_wm.l

    ----------------------------------------------------------------------
      7160        270        552          0        100       4692   Library Totals

    ----------------------------------------------------------------------

==============================================================================


      Code (inc. data)   RO Data    RW Data    ZI Data      Debug   

     26086       1536       5682         64       2544     913235   Grand Totals
     26086       1536       5682         64       2544     913235   ELF Image Totals
     26086       1536       5682         64          0          0   ROM Totals

==============================================================================

    Total RO  Size (Code + RO Data)                31768 (  31.02kB)
    Total RW  Size (RW Data + ZI Data)              2608 (   2.55kB)
    Total ROM Size (Code + RO Data + RW Data)      31832 (  31.09kB)

==============================================================================

